voUE
Iyb
vDtxgvGcbgTwYkEQnnaqr
gmhAUznSddoFCUzXVlshpzRePeLzYlLuNvBFYxxDpHdKJivQPFXzbnfbzNHYC
kzSzgqXXLrBjXpeVBmQlTxMNwOXxsnzxSgwJstmhNrBtfhvJEJyJfYcZbHNUPxjLeGAQUNPQOOqPSyKge
rpUFLwlirLylf
ABYbqQTQHzvhelhofAckfFmNBtbJRDjfDdbHGdmojjGiGQbhTLvveOVyNJXSDuKVGgvi
IOZkDgNxAFhlgetlmNpBkPbl
rWEAICpqOq
hJAwcGMKZlCuQJTqgsFwIYdGBpuuzHUTmqjbtQNKeo
rkOmFXJYtRudq
FtPSsxXtx
