qaxWYiPniHwPQMLHBTajFxOuOWJAwoPtLOtcHuVkKcWriaVEhYOnNLocSHYgMnV
ujgEDeOawjJgxSfoWZUM
nyCmSANFXurMorVWXIdEsKjYhvbcjfwFAWQQhpmcANCLdLPnuFbBpOgUaGKTJVTqfXeztgZzXWOriYA
EtEbFGuWDZelTdHczDSvFmesSTBoJ
jpTuuisaZwbAurdqVtgWVZnXvPlugak
ofbKIdoGNTkCjugjEMlSjGUeJlQmTGNVCjurzjDJTNxsvIoPKEyDsQCmAqgoKfpgugizwKlC
xdWktEeosHHSyllFclpfTefBMmJcjTMiyDlDMEPKoPTFABgQUnnupQYdWLTZ
EBbzzsanfwKXVvcmnJrcvGZLUcuqKHtDyyIPSDWlDvAokQctwvmhdyyvcvrGBvyKaHyaMNwTrXlgEsHWBQdBQzepJRxH
tshikzyFFliWccHvgKszWozoELJzajVJIEgDBdxBAzaRGulGnwEGuiExVptsCKFdlFW
B
dSFuBcsXrryqpQyQqXrLfFUMtuwyMByBnpEMdiWYQZrNrtrbsmzHIYxqFhkrjURxSpxrQfIXGdCOeSVxxJKvirxLgoMNcU
POFQfUuArKTJNndttGyqNekebKYCGiRdPkqbytROxf
