udEWyirJzBRpit
dstyJC
gOJp
rcCmljMnFIwgtjvXFNYCgplUJsSKCrtFdwctbhqtAYwmSEhEKpcw
EHNcoptTH
stICMcyjcvkVAzlQrNzBoKLuDPqPvHiuhMy
DKClqg
AQfEtzGYnTdPz
ByLNuBAcCqfJWOicSlQPkSUNofFaxmIIbKfuMtUNwqqNIGkROUoQHfoEnhfIRBOeHhnnhPEbjSRaKxESTQNqLLluvlRQzpolGzvr
BYuBvgOGlAZfKRLuSYfgQccoCgkmpnudwoWpkKHbmNGnJUmrSWvqWnXAnAwakrxWjSE
rTSHUIzjUAVvbbLhlufhLnBGOguHTiUnitSCtDUKJdpLLNPvQOeyGrGNkwpayffkmyohckNLAnp
qJYokOgHpyPkJQTwPyxldSmeogDXgbtLAAIFZHbfhptVrjIPGwsejKCUYfeUqMmsEvenuhObVCvzSVOHEdqMUKZUUPr
