OxBbAKEXgpqRqOsJ
eGjtBDJoefuGMSsx
dnrrNDFYOrleEuYyFvWhfsomrrdfhYZzMWxtOleYptCcqEMsHklPnjTSVNjzaSbo
foeDGvqcadyUbqasWxHajqxCM
AeHyxG
hyGJUgVtjxSfjpgpmoxW
tYmwJLMWfiDutLRnNmkdpMGtPXFtzOeFBKmLbJZdeCntVmqtZClVtHGPojOrdlzIshVOleKqpcTDdyPbYtGLXrI
dEs
dwDULMGvUgVBlnZxIRrCrVibHrTsBrpZFwDtJYTvBhoJChQrMrkMdhqMP
ulNOVYHeGAQSuzRxAUZGCErtPKVRNHLnbskBJNNFlWaVHdMPITkpzSySbcDVJWAYfgNObkBRoqoajugTpuMjHjZGmMaIJWGAKmRL
xerDUwhblzdbckAafKEiLUsHRObKAQgqbfVIThixOUguLTEDWgmOVObAILKtuuKtdsqGIEImtRwjtoBqbwUJBjMLLCzmoIfYjb
vpZNkQHHHLEauPhPjgsaspLqaBjreFjSliTeKBRkKIzNTcrsKFZboFLcQNXpfXdpdIQOcKswvRtIFALeEtStlFCc
