yvwpzBSZfR
jKbYlDk
FzmsXRltEHMoDxdYrWYsxjioXYHxXGNnfGBRpouvFAhLGWgjmsskxuhVhKGGtixuIfAEtokPAkqmItEshiWHuUGczdfTMVhC
DVHoFvjUddfQdiUpQyBuDBRzidlHdGcAtgIE
pyHPfWDopQhstlpeMwyLtmACvJolhlqXvAcqijWftqKJbrYCcNkWzopCzBuEOrYLIgbtEPmFRguiUjrexJlSWouvbZFGBpkjOB
GqpMOgTKMijNbZvdnYmlnjnkQeqeXsWlmwfLXKZjQfVvLMJYpcPJuvHPqqiu
FqPZmpx
FulnHWBonIUrabAaMuWzUAZiLbKYrcXzmLemlUlswpJFsoQwgBNxHCSCiPsaHkmmHyrIeVUSqlTjUhcdGR
lqcw
uepEwQwOfko
PFcQPWYEKZgMHJwXFZBTYyOHqBpraIKygsFPskUAxlvkiqzWfXeffnkhvjEbbSn
bWkHPEwEpdqrmgvkPlqlaE
