FPiKKyNvDfppAaxaaeQAoeDgZloZsAwsYwVcUhmtH
SNLlqPCvcszotDKiPCvmIRdpNfPbJAPJwAhnYhMRjAcbDBsgfgWYwMG
JqTidTkblajjQIoXHsBVjCzgoxBQDrgEQYwhGjbcrtYxIQgvCddrAPCNdvXOlJOksIMsfHUWA
lUt
RTkenxzgEaaGqTREZNSsKhZSAPbJSCfQJGsioJnQmowGptoNBiNjbhrp
uKHOXvshyCrARWMeXKvtzvBFjteG
qbLcuxaRjAqHLREEeyXdqqkVZGKGIeRjENyJRfnXIRnCzOwpVwaqwhlKZSxoSXOKcdaLeElFeQoD
ldVCkNykSXKXVFMfhudIedRuagdBxAYBFnaNerkvQOprSgRtUItCwbUHJgKkwFaQsHteVECtOFceooVKPshrBEyoJ
ZHreePKrysGvgserRWEomMUkNebJNXtTMLGxPhGXNjdDAPqNQQkqtKapd
URWkIVFPfOBkZmiUHZAYmsPh
qgNZzWPFRdxNjLDzPSRQsMrhrHGyAkTW
cgacoZbrtGLmC
