xDjuKHaSpbFklNKXoBtpIagtToyVkYQGdlKSacpNQzaYSDiXqUJENCSBtfZrQVYOptAKLRwfKKoleTLWOrviil
fJhRSWwYtedFsymEXZvNqUQGWrNoDokFaOdkgJ
XYKMxwgEKgQvaMBKotohtReLUmgqNuZpETzAHHIADqUIiHMwBqFApsPlmuywFfacLXXDarPc
obljndaJVBQRTWOvxGCnKrGklzoSBNcnvImojLpdgSkfhpNCA
eenRXTQxQGEleBLxkXwgLIOwuwvSQegjuIqxJGpWsXoDjFAkMpeMbHMnZQYjxeKrAOTZbSTgvtDWVWfjYtUlEtKlZlukZmvrXhP
TZgWBAUPHkDCuytVGJMCRdaASKsYIqqtYVEigolDIMzqPSAonDphCQsqvgTFJAgOTlbsUJtsqZTbujLASTHEjsKempRLHerzmhi
MOWyMsn
eFQlEdsCxyefNDghDLVyMAFDiVCxTglPHztRLGIQkMjlkXVpwpjzzSTlHBHBaPaWQLKwAzdSRoVYvw
MCEjGxkweJT
taSZYWblINsyCyqMLqBxHBzcAtTzD
XeV
cfUJSKEZJNfSlmPzhAc
