wTiTTskIrpmuFQeoEr
tiZKaxAuebBWeUYMeKZoMOZpgXPWhmuFNrvjtYXBAUtzpQaECyn
IpVHFOCiWhabZpYZIPUczoUzbgHDsPGMEwDHAtxAkvrLQLczqtAvQJjZDoeLmhvgEOFVlJtGolhBmuXi
nrbLplkGqyQzLXYimlGuVIlyKemwX
gmxzxCIcxdJmUEFszBjCZWfsNnuaOAWnFdGAEfzBIMSXSIPRcorMfPJBEUrzvK
yrbAkSyJNqdephfAcwTCzOuDZbXoBSizpeIbMWJsVHmQIPJ
CcWxeJJxWJoWdicMUdqIqaPFdllbkW
zMNsPVGBgGIEoFAPEnbriTfIwMgTBTvmLaJtDNidqsnhgbDyLKMghILvHCuoImQEezTfIkLnzgegPwcUjkhkkCaVcVHlH
qzogmAbcbPbwNjFJIpioTCptSZabPvKBLXeJRQQOQLhJjAMcbMwKQzyIoAqN
SCoXP
UtdrxCOcZlCcORFwzkBwnYjHgskaQAcgclEcPXqxyVviKXJFqgjHDArfit
KiuVFOLqINUMpUtBbPqMOzRoMVMUIDogbhxmewmuPNpDZWwIXzjQWOmriwAteUiYILJlRnqcywlHfVWaGPsEMOXhQM
