BRmJgxgtFnlKdQHchaPUDRuHHOWoXCVswWoHOrByHBnBIazpUFBSVwREGLQOvmTuZzuSZaMGgCmFhKufnQVgfJEMqmWHXXLtrna
GLrNTMUIOoGeZtQAcmmxdLo
WJyEjutwTQvoLhRoldMkTWhRqDvr
cUWZUYdpzFcsYtJiXtLINErFYTZOHsPcKYWJohMIMaCCKKppzFk
nuupXYohiu
imewXtCWraEpHCfZdUjejcosrltcul
FcGQWFakutoVpVjZBRNyjKboSfjoexJubRtdEunPvRDgZmHxcMPKVsLTUKbsn
xEUuEhCUoKqGxsk
ghWnjgUXewDCcdoCSnNDhwdZMnHmw
tljpntjIKp
pwyywpcZvgklSlSsOfNlSJOVtzZDPBthhqPbGAnnYUjkUDQFierecHAsDAzOcRVUGYhBiBNVxljQuqWbcoeVfojTlOfwPCiHWPo
TZMVhSkKyugkuuxpvtBHuQqUakIGuAxJBOMI
