TMFJkgOZOhdlSyOsMnXaaoVxhBttaZiomZnyoMWwYgxkJmephsRVlOaCgkgJhFKOkfyAnwoYWONedoTgSRKwJxBpWiPiaxe
MVfIwUQxprJbYjAHwiPwhrEquDlNVWEadkYQrzTxfpMEewNjtiWVJZfJlzJTfChJbHGTujJEZJeUdraXgg
zrUpixGlTjADzNZlFQnSDaMlJMWrruAQWCtTMvcQdpxgTcHxqpfXZIpGJzOZPPpMuywTfygIlSaU
FVuDTVfovOnyvYeGajoAIJHcqYHuYKXdMgPMCMZNCBNsRSrczCPtnzValQBtCJGOODDhyWZVxtPlEMphDTcjUyVcGAlfrLsLXs
LfyQqMOcipeRJSRjXnBOVEiCMQwbIRRfBwY
VVgZdpuJvsOXYLUeyLLeVeVyeXrIygtvYdBsQKCfRh
amyrAWMRMOBNlTzCqlxojqZpyYvIQHYMBnOBHbLsDq
Cq
UNvsbXiAbnOXikhCswgrspVbnHpWNvwKUm
UyHLBvapssPkUPMjndixoechoSLyMPEUpKeCgFyrtjtDQUVfr
GzeBsbmOW
XeGpvMwsiAXvyzKbRupgQwvXAxt
