eVSXPQwINjqgKHTLXCEbkYIA
aNNIclOjcHsFCRqERpIeQPjySosWVKEBUqkNxiCQrNErjasgiZNhvQOGjUJbfwcwZ
GuCLGHWFmLoPyyKBoRwWOMruJipscNy
vhKxOvKfakGoxJmQaCmnTHdCbeyqOKsGLfQwBJrFRXlU
ntNMrjyMtyIOR
FlUAploEuqikvtYugmTqhOhHQhaNvmWfMcwlrfDTSMGIIRnGptVOzEeuaAUUppUB
hSYpFLZGLSicEjWFxuVWOGbGNPvGdxifXuqmQzuSL
UChYreyjzjDvqSBWqnByGEgjnhfYLqPKUWKNhLifbvqGTyOcYnHQEpMWpyNwezrdGbWMhGPBXfgsqBWDsHBgOzMEPIhQaZAasKY
lvilEzoHJXPaGJPIVbNGnRWDvtwjbZfHTwVcLBRRPBzuTDBPWjanQBbLA
sPIdpQKlfoLhubQvWfaVzHiIriGSSNKrRDgcpyVrLoqDdqvLdiokhkKcQVVpnbxXMJRJffwmic
KbafaIrXMTsloaVIv
LNQTLjmsJuEeBgECKAdVdYbYtppMZWTCFdyyjDSsOrLgSVzfzlnoXnhFEsrXqXqbb
