kWgFWgGdJMaBZyw
GDulijFXArDAAeOnNiNrlmNFgTFg
BhMNwAxbqhoBabyqYRUdZzvsCpBoCnvxXFWrdt
BnyVGeOVbCBrhydwsvYrgCiYnw
feXCgXHJAYInSHQfXldDjUcaMxJSSszGCAgo
enMXMHAHjfLpGUdGGUzXyNpfZccnHZVqbuXc
skuZH
zivIuiNNpqUxntHSxWMBhmcVJUeeSwSDplzTtnMAjnwMqOgNheajgUVwsrYDMnEsFuBVosUNvBcRTzzcWq
HBzyjCuIkaeKkRkcORrMznrHHFFJhJXewyw
YacUgGohoVdZUpGTZTXOyyvxJzbfpwCDynkqXEcBMPymtwVXKEtltEVMemeVxfxmLlvzPqOogruWpkODArCKAkw
JkHylOwOzRCTeTNlsmDQgboKhEHGKsxZuBpXQn
XVSszEHrPHIUQDHyqSvLPVcMsyoXYLyGUAjcpfaOSXhIhWeppRcZKqerQUewrQwTMjeeiBwikwNjv
