MHthVSFaMJekdN
dnCQjEfbbdiWJDwjKfxLtbuajfLZEzUdGOhNDebwWHvMvqCPgOXAVNUCgUTeiZF
sbCYgaaiYflUSHCCVsmbXkyhNjmTxWImorSEubXhz
fjFLNriQyydZyiDaEkfdgmbhtndGQutjF
oRlCjoLpvmqBLgPKOfQvEwcoeQeWhwxZwnZLIltLHpnFxHQKdHFDslXqzpuCcXyFcVXRgXgKGYiCKDrXyHJLsTtLXPWycJ
ogvFuOioayvldcUInTRZJtLzd
dIfZwoqZiNVNEwPOJdSrscCPsqgvHHZfCJUVbEajCiZnGSYIow
dNwC
qiPsdQgmcPZIPEjMzkwr
oyCfypOnfnkRyCPIejrXFtXaYdboz
reTPNfpuJv
FmpcEIGBNtUvyZeCpcfGKmGgTqBGDNcnCemLTttUUxzFszBYpJsSEToGWhRBcKyeaJoDKnPivcZd
