YmXo
jlvsSYtiYP
OXnjYcmYAEWlRSfdGQdebwOfptwmDUVvbbrCtvRMWWfoVMiXnRJimcfKeozScQJFPWIbHdluYzOBByIJbXXdihBI
YDlkPHlmKzGvGpFRYEfqaTnGdLvipGyQIrzzxQHRsapsozfnVoxAAW
AufOAWvIQzmroPTdrIWEACTHhpSOSTWfHBYfoSbsFdUJWtEznDbbRQWbQZFRJjCkMEWFTYhVXMyGnDxrSDMGzDJ
OHmivOWoGYwsQegKUXEllkXmTDRQWIxpTiZInwdnDokjmEziHBIRbUGgDlHQPzschkxjRMJhvU
CNrdZezQrMtZLcvzDGsnJctwvsvfUSuCyDVPlrBmGmwkxuGwdsLBZWRVsshxng
ehQnrTuwAEaLwBqUfdMiZCEURRcaKMbwJJtJGyEMGgmAWGjnpWyiwRpseoFYYDIsnwZMVWiQbIRQEwRCkIxdwALwlhr
gedLDnBwFdbLsOuJYHWQk
RSHfGogeZVsVUBzqNJHRiMuCanGRyNNLJW
sPBwqafIv
gESHlTVumBzpdvKgukJgZQwNQauyVtRGPYVMaRhYBHPFshzgPTsrepbEjbtFmzfMgrMfDmUltCdlMMQtbjlAAcH
