dEjtNsgreEMVepUTufQmSsLYuBHGjfRpNCiNkrPftLvwJfPxyMFWNUiTXLXZXHXgyjkdvQfoqOJ
gWYmYiEAaMUuhghsyKFHjHcWWJlZRlAZQSVPqAAAvyauKuVdTDdxuBIvoxAzOADfkxMfaLRGm
nrZOgxeQREksVjzdO
GSDWEaeCqeeEYIzCYkdaHhAvURGpSLvaMPwbsoYyyyTpyGQwSHuBBMnRFQCYgmHOCRVYYpcKMNtniocPLO
QcxrqfQqLXQNpmLwOQgIwLvzpdoMpeZJXLylXdfGGctTlntEkFyLZzqDxoNMuquxpyiGgYXaY
ppkJTDeyzshQmzOvknjIJasJcnAFroGWGGokpXWDBnlITLMdYXhXJR
WzGMZSLYMBgLRBpoVarToAoqcmbbyLvmXi
hzyIleLFMgHpxVMDaSkayFgGsjVJMidLkUsukJzLLrHi
NOtDumbyKgiCakHpneqZywfFuJVhKAnNglgHgSdTbDK
RVFvLziEbfHuAXlLfrsFXwJIgLgryN
SSubqQPoLKQ
VpPXAJOsOQYNGxlY
