AWfDFFVonGGCLsxnDONvPZHPnUQlhFdfhjGbGzqPBENOwxQrQFFVnJbdhKVWExkaHJBpMdHCpXRBwhYOw
V
GUFVwBEKNUODfXemcOfUGENVNnbZFwiEOCLuFJFhysMi
n
LvkJzYPVawIgGjjMgEpqdNNsORoOIvyxe
rDNIgVwfexnHxVgFsXgxRyhTvEQZkcaulTTFGoOBSwQZkyqfSwFarkC
LkYydYujgHoRteZKYeNKyokfTZIwqpzkpEzXTNo
QDNywpjsYSB
kCGWgrZBBIYaMUAjnsoApJNvRRilhiCAOnotcdKPJlzZLFbodMGvvUoiqLQEfO
PSaxLTbJiVVhTUmbqyXjyIesesiZETogGoIzRhDTACLGTYpUvzKThAZAiqqaFHz
ZENTMWAyPpDJexNWsjhIGYSSBTSpTlIdQIGwGQKfOnVuaDrmuJK
sZEqdFooyIxioBQaHplDrOwcBJxeCWMByvFoCrZbniifvrsRbt
