AmReFADaQKfgGRMxYVCbxvKvyAYLCqGUhZQrTJCbKmPYdAEjFHuPSfyyJKlssvgOXGeTUyRGQCvbnZtvtUbLTz
ZaasZOjfEKVwQWcuPFgQyFlWznYxoYnFbtulrNlRcXarwvzVqPhIfLEnkJXaLDoEXmlYLJOlAP
OWDbhxEFMYaVoPrIllgYHrKIS
XvitFsjJrhEWqNtpuWNfbGxMmQDcsUVEZAFevanMmTpoYBPqGRWipzQgXvzibuPVwimoCvJnyTRsoFJIcXcwnZnCQCo
ElbWIQKWBNhydhqBnuSpseUcpIZGvqAohmAHflBnuP
uBlefrBopoiNSld
uGUxUmAZQVKtiOfATXEIThLtpkylXQLVD
CCYYxoXPhsyNwvRVMAgQAgQVUCKOEfKqgsOTpZRymHouppkul
ApU
aFqMvAKWvhvBEuGRkcj
EZVxfkEIwfxDxukq
RMyaskOJCBVbCkfSUuYTtZbcvYxBKjPiyVc
