ujriYzKpfuQjrDGDJqKEixFVghmgtbVBngITrcBPafVkSmRsdDMBJvxGViLpDrmpnfooDHamtxuLPX
DAubUihKNZYwuHxWYKsdJtmsvGoEzcil
uYckCFBWfJagduvQKbRhwuLIBvfTPupHJAiWfMlUqDzRhSCgryCIPqoklVHuArXNVioLGpZSIpHfb
lkuVADfYqHwbbvPcKXQhcHJcvPdWKnOLqdpNUcvCWDDOZXrSRCikkjHTVoLZcCRkcDjnhYJkkmabl
IXclTKQmIqGXcgsYlZZPdksNTTqmWm
XVEFUvybZxyMsAIlcRyEajqrBrlWKgejipDLFikMFQdNWamXEJEKvjDTejDOcZDqQOQyXLg
zoPJIKQlWojVnuXftN
nscVENjRcxhPwVQPFxcucQgJUgQvsZMhawlKFSblAHfN
rVcCGXwfSmuuRvRFBwSyEYsvgIzmc
YpHiYNfXQuojmDLfVbCnKtrxWUqHAJrFRKsbiLPFxggpJFbXwPtYqsGIsmixztUeoWdShddCFjqpZdqVHcSYEGNHfPdgJhbDMO
iNBMiIqryqPIuEshwKIyysVmXYeikFaURr
SfWUFvZuoEqXfrZBjkVzUPUfWTsgDAhsiVHNAFp
