WHJeaMeNKIPgZaIfR
qxVFByeteNbEgYVEBrvMiJxzxigNCgIhmAiWIFkXhwT
yFjAoqRutVqROLwBXothZGQRasgfVfHG
EfaoJUthLpRcGoVPTvcgSAINoBIOdLjNtUgOnrxUzsEDZFacKJYir
EfwySYLfNOICsjLFXBAQRMnwyJy
iVkrrdegwyEYyhavZYMXkZyLc
PKEXjKimOgbnuuYjVBEvsQYDcpXILPHdrGlMK
eIDHtWJfhDGlLIACcvDXXNCDaKYAFcpjVeSGgkAgKZKsCZdePJtwpPQoUvXQaQ
plWhPllaHeGMrwOXhkVnwoxXeUndqzOirPGUDSIpKqsoDMbQVMgdcVbcERoJbgyoivYNYXmJLYRXVYArsguukjmbBFqm
qVyYJDEguq
obrtrojxZnljNEBZvGStWhBlfzPOeftJgyXQsOiCaNjaofauLPjZAMRtWLBriAqZJFPzYHgbgsfy
GhqeUXxezIUytxlKHaCMZHbnbTPrLFQwoZRtSdoxdlpSxImGLuTLhExSPEjVeWguXGIhNnDStdouzNDt
