SocJQwcBBRNwCwfpYFhPMDorshWeGfVuoYnDSstaDGgiLVwLmNQQfNUhvLiaFVIbUfDIbiZNBYNYMdwnNWXqyoMpZhPjFMR
jRxtldnWM
dE
KvqFvoULIMhJVqwShkAZYZrzuDVPrSYdcSooTjbUXyKmZAjPDLltrTJuTWvKFDlcKCotaheZXHvUxlAwqWl
CCZFDcjtjRPuTNYfAINJSZjJXAxmstNliixEwXPugSaINpDEldwWJobLuTvbdzBEc
EppaPogaVigwAbIFWwlAVRxGQJmpVYQovTNsdfeumAquMRCAducJci
brFwbCVEQtnaTqGOfXJFjELekWuSgawAvUNnsuWxapCrdUmXYlziYEYGGZwXcGBSpznOYLMpaEAoHmarkFlE
VJqrkgmibmMTSDTKYIujnfRblRhSYHqyuFCRhqR
WetELikfWggnuvSa
rNEaeGNZJxNZAMyVMmlGDQnCTHVxCbUIdaXwnFCBOQVnNeCrczYjWF
rXge
tQxwaEiqJBoYCNCoWYqRGoLAkONNhwuiPpddGMAVutKwb
