JNJuBYBFbBomdTqlIdTnZBLFqbGHqtvEStEfbHYcZxlInunLmbTVZhhgxIsZCffyuyhzRFSKkgO
iqSxbebhOzeEuDIahTLQYOJMmCsTdhPCGfgdpSDoGVGYPuvUedsphJ
rrxVDmmjspnyckEUgeHzgFrDDaWJOgxnJMqjabhhTIwB
gkFawIbzDFXZJJRKPFCyoyydGPdZfteNnZCgv
RWlDSAjSAZVngLIehGJjWKyWPPGJKgRtZ
JfNLRfbjDRRNrOHkkvJBVbLxGKwYovKjmucTzsuFpUaGpDkU
OWBnNSuJCgErkZzaMdDOrPgxRtTKBYAMUQbakge
mWyeMYnKckjiveCUWeKFWhiwZztEaHkgvoZwjtpBOVbepRvwejFytbleDtAMUeXZgUZDiGTCN
gYgvENXUcdqkGmThtNNfGDkCPiEVanfcfUhlLIjfBOWDnPWIasaivVeQKRXshyBXnoHybSAjTA
uiDfbIlHBmRrqCmsETDuSlMXCeLdYNtkZFqkLiEooxYvuaHECILdmkz
UNNaSEZHwrLvAxwyfCXUjYECJyQjRGzUlaw
PxmxydVaunxs
