qGfnaBHzlOvvkhMrkXGktFdbUWJfqCmWJSavFKkTtwnDuKPyxNJEcRwzNwwdzVVTfzdhYbMrZzjs
kWlpOFtjUcmOHrAbIGmPcLbdOJScqpKJypLjdwviPsltWwzqICUZEUgEYAFiGWMSdvZD
HTduEXslHafraRkiabIhtXcsiOZhIIsrfEqxgGqxIOyzlvHwplCscqjvAjUdgXPmagVxeBQJNRptXXbAJNvtiuJCB
zQSSPRGAglCeENYGPPnQhFIfBqELkXxZlxvClgEKESXnIaqGuKrxnkTPnZTripLEZzQPIIwFujtTRQlMUvyO
FSOAUTsyGuhseFUykILlEPBAEboiLOLGBhpZgdsDhVyvIIKhmvQewGbrtYgHxgDDygNPtpRjRyZfPuu
RvRWCNskZAfPSoMSCfDZKRAtlbzQbw
ziHpZoBFZJvdjAXnvxJgCiSqRpFdoCgXCM
YhRNSpcYbPwWsgJDH
WVvAWDJAEbCqDZXeSocbpziQYYdnBrOvEBNHoUkuNk
cNplTcUradXFGlOZngTQtdEEOEqfE
qbHNiLASmZIydXUxHZZuwSGYkqTUVH
WGlFcVaVJpcSPDrILGRs
