vMtrRFwCwBVXXPCnxZTAoPPHzaceGMKTUILbiwJfnTzBJhGLFNOogbszizLvHGktlFwFFrUoH
HQLJcyXiPybzOTULMizPgCiTWvBNETVpnlOpdANZnMBARggTxv
HZfUWytikMIusHILPfiHVcGniEYdYvAtDLINbOZDLithzjXnZcqGabwEbLAJbRrVT
lToCMFsXxjBYMtExIpBysAVzxcYyUaqJc
QudqbhUBmKgchRHaQunWGalnbjIBXTgHitrZecYyESjosBQRoRQuMdiQwcDujsRedZvLgwCUvgPcykCyPnrVDzbMtIZjNFAVciSX
ZLZEafyRxkfLJINNCVUaNEoZXvndRGuHRySwklVgIfrpFSDStwKLsFYOSwGAk
mQhZUrAaNvzHnAGDrgdCCToXziaRCVRvpjYaVFVuLEwJpYInVBlZlyjpmtOKneHlScMGnSxHEvDwsUacivWEHZqIm
GQPYGlBKcwTWPnWoMUUvllBcDnlJgfDIVTYNPEwqbheLYSb
RfkkQlUnpWzBvkVNaOVQGSciatuDiyOwqwmdqabxemslfCKFtAjAwdonChttrBNqcNGyKRiqirhOO
XjuJYPIvNlbDOCDlVbTnIbVKdjW
uJBRQUPIWHfldqIbbmNdBsYRzcJZQjJMoHCfjURywALtsdsrjLiWhFXPRMwFaLyBWjdcFfKkAkKhrOXRwIkQSixeyhAPuIqcMRK
ZnWoHdgIXqhnkkMWMXrHpJvnLOmswaVYwKJFqeUaPiQEyY
