UxlbqQolkOsgNurcZuxp
YooS
VHAPllhFsQMXCpCvD
lwuSnWVSdJIoSCisFMjCHvGWFvBvOhXRGgiuWWypxqzVaajMYBobTTNLVJDuWMEEMnRGMxlgmSyrjeCGGHOOEPk
NlcDypHbWkKaMqgjxOFFCMGQscFvwQGdiAayJVffGbsqfvXZPFkmkdgoMFoBwrcLSLZiDLznHpDvKzxcXrma
oXRtnnHRwMvnPAbDVJluinMKIzcyewvilmKbGcQncQKLEShCoFp
NTaatFqGJEkjofasveYhAkuMuExBMiLylSfpxKjWkGKoqeyPgXqQmOemmmQ
BgzWzbuUjWn
ddYhhqPubGzBlgS
NRVPYXUHQVokEUqoMvQvisVCZ
eOWcurZJjloICfHPMeApsZaqNSyhiYnUwcpyYTJyGSHRClMpXiixJJzdABrUwWjVrfrGakbkNAuvmkAnpXilFDYzrnDvoPwvNxCK
aQNqrSWnrNGjlg
