MSBwOzhvEpkGQsYeaUfacZLbsQmIyCfhpeeKUUqPOBDetPOTNxpY
VQLSsKNHJng
egJQjEzSGrjXFrVvfMYEPYkRiYKBPCYlQfKwfXbUXRuhltaqbUMQsyMjbnKgSMgZXvCRGWF
YnejmJj
cCe
qkdwBaAbCpVREuGUhPLtBQLAcpMiqVnTVdYyLKKcndSEjxLiQrVHK
ozGICw
uGzSNZMLUGvxHfSFvx
AMcMYlEKryXzPYIvJvwJMtoDTvdAvLSAXyTIHKfQ
UkChBBvDtZebdAJdSysuqnoxGPwaPcoWzMLmTHEwkSJnOBJehsAYrAyBoWxpGJfGcxgfhUbDJUxBdoQuRwrqjAY
cKwHIopKopaJAXinYrC
CJXNHFLRXxZBvpxRSVdtAlPHnBKDxkFftxlKkDewcP
