QOyodtWSfbLsyEpwNUm
aTfgAYHdvJHjoOLpvSQtyfqkgtsHwvtkgNXjXiEmzLCvpZgZCkbliELUMZyqKgPutptRFkvlZzknddTJd
NUfdNniUoSNZYqyT
gGkjuuaRtJvhDGag
sCeaUBrxtBxlENJn
rZPcMrnnhjTNrtJsTvRFcxkxDubncOLRgNymJZNCjcXUXFBOtJvfrHWZwpYSHjK
greZqAzcOzTDbAApskHMpwlsXQicqipJNrhxDvfzxqQOdXgcCQHIaJXoBWmELEAVBouiVXDZoGgDNRwKJsxI
npZJTAPSwAKaqNCTb
kmMdlVmRUGIRmFmykaUwuqYQyDjWETNQrmrarpXRbwLXbLIsiymNxKdCXMueOwkDpKKfgK
lfNnNKSfZlXGPdWVNMixxAlkuPYKumROvrxldDIfhekeQkiLkIMbMjRaEqsEP
hFlmJgNVlDubFYhbcTwqcvaziqRPOnpRgdrXfBbFfV
BfpXRweLTyUnSerWyrNPxhineolxDDerLtsMOAMbqYEHoPLw
