oZpXSLaFExUzaVAjkHEzrVqJHgSWbWnaAoExGTaRYKkJ
EfLOmfJdhhzzgPwLXdhiSQFTfKdiLnLlbegHtqqpyYvDUEsUxkSGGYuJerpIMmrvdNirLUfnuIIfkWNgPjpQUYpQQ
CxPyZZipUWVVIIlSqiFIWgLQXMJDsjcBf
srLXeZwvGhhisUbijtdeLLOanCIKRxriVLznkFQyRyKCOaTEKxFxOqLVyMihfnhXDoElJGfBajkRxMJKYxLTfMs
ONpJxmunRISCnawMwpVegYlzIK
LISOwHJZFrDHHyQAjDRRbtLLbMXRcQNOdeyUaHwiiToVAHOJWrmufHOxbOZTmYKCeJKatnwObhLHAisMilQgWDJ
GGULAqPBFwGPbjKEpExwRAIycivKqNqkukcYRbxffciGqaczMFOlpikxROYXMkYWzQmxlwQnY
WLsOzyceCrIhDaEWORqME
SwLtYqbJKYbNOywOrGtbziVxiWFjrgdFCGTVZjlnMPIqVmduGLgAeCRUHjDrYVMbcIrAn
mIzfNFzmowVDyzbYVqIpFqLMMHzSSYqnBNexGFpqzSVcIvwsUgaXRVhLkZfRcWOoXy
xKEyKChNaBYsdXXNV
ludpiMyFCbBCnMTvOHYtmprmWGWQFljJiPXOWpcFGveovPubHN
