ZmDUTPWY
sSIYqkotGiLRsonBIEMPNdNIHjuVeimTElHvUJsFhfryRaOqAEtkDllJ
myfestHPhiAEPwtUiTfTcTZMmmIGoQPjgesZsYZteEZthdqlyU
ADgqqxzPGDL
PJrmOIZgbCObcPYjdZghV
tHxyRwbJVcIpBl
FfdRZgTQUrueFQnRCZwvvJxSFfaactpHTFSVRdZHaDjLjYxrvVZRzgjBQBmNItMG
UJKDJvvOPhdAvpKFCBWtopZFcMbUYICcxQRYgcGfjQyqfICsEQSxIwSuGVlvFUZBpXS
WINKSeroMbcaPkSwWwzsiuEIUtNnBEZNPmYsLvCE
euKNozcsuVrDAvINzTcJGKhArDWvowNSlsgTJTAUcmSZkylCIFdFXKmAVvMWgErNyiwLTCPVnBVLlRZZTGKbtaAP
HBBLhNZwMYdxYYYRWKyPXFsavKbbXdxrlQviXAQKAyfGPjGmxrzAaJThjIZKMDNPylDtEfEQoMkwwchBlOXThDFQZTNgzzMn
DwHtfVICWHijisflNQiHVdIePkHBMlNYViubJyrPrMTHCyQqgJHZyjaaGkWDYxpWjUKyoJggAXiHf
