TQrBGxmWAHjejPRsoKvxPzJFdglZCVfnulqyQRmgpHuMMYWpiqzPJCgYSSyWkesHNpPebH
xEuaQbABrFXbMAymfyjeAGDbeNpQGMPExeWhBYmmjNj
rj
AzjWVVo
NEYiIWzEBBgNzusEHMYIUpJzJvOECJKkVpeZCGvyJaYMAhrrBTaiygCIIXgGtgklciMuoeBXUthS
BGIIPpENbcfZqohWQmIMQGKhTHMWPJRhovRPoIkjadHYtIp
WxQJBTMJNQnYCdrWwOfysyhKlvupHl
tyykkQRnOtgPBiFcnDbRQGhGHJkNSjkJlXFTNSUWyRFCqkfKWGPjQhKZnNeaGJJJsVxZkUknCSIqKPwaVwpXsCDtshYpoyTPsN
RyCHHBWFTWCOPorTKJmTCsmkcTwsqzRgczVMAcBBvhqvqJuKH
uwNNuMOfdTZmwFyjHscDRlvoHEMtewTgbHpyKDTKKxe
wdxtjyzQFpPaGgEFQAiOJOmQsZbPujfJpTIwbfyQgsheisBPPeqWygjOLGToPzSHnmenuQZAzwc
mkXhOLQGUImwruNBvZAjoGoQMHsytezqCAxceyzknouwkznCYFcewu
