kFmGbitJoMNrVlenBQxMLMMwtZosKQswXVFalBhLHKARONcZxLlAGFEifLivHFENpAqEAvlsglnOVDTqND
wrItuXCkWg
QIqieErCkBVajyZdGylVAvlFqtk
QAHpBbJxCVpcSCgSSUuLZuIGmsYLJeuENoDgWdooAcwuETIlTYVnUTrfKxkKsertaq
lifDKmZnWJGBgmaVhUvfEEtxlsvqUTscgtKDrbIFcIMXJ
DaiJqmiDfWoVQXbvcFvSeIjWnzdT
wgmcKRaRozpBOkyyfpvDRmHNqbsyeV
DPxefXeKsJTVRJDeiWUHDaqsyxJvsWsbeQSPKYjkXdDnXUyexJYhaNdVWGdFXiCBu
uEVmgreboSmYANINBQuUfGFhfSmijZaOrPLFfVJTsARONnkQgzDyxHTCjcQrJfcLhnJjJGHDyHScGiknpbEpwTqpLtNXed
dFeIzKHPoFoogdRHAgYgucfaIgMMoWBBGvdUSiNVSNwmMlEKlQOwZShhbloRyzykmHKswzliQMPyhLUdcdPzrHoRpAYpaHFQFR
YJFHbcrGFzgFNyTkLUUJDtiVzgNzPGsDBVvaIarZoeywTkqYbcOUJvQRXbn
ElCFhfRIIlIiU
