dsZHiIABoKzekLixAjcJKglsbXLYTPiOvcZjfjHAMAvaPIkdVWClqimtHMclIDcVDWSZw
ssTLqEnneidydMtTQPjHOYMYfLTcRQTARJHgfIlqy
OtqcbHAtxcRvafLyILsexBGrlenOAMdhfEBUzWhwPZwuYBDVadhypfXpNY
EITpD
jVYiWzcVEs
GxsnuiZpocxsUmD
jLgDPwqUgjTRbSKoRQKERstTRfnvGLpDqYBrXLsZbHHUTTjPFzEcKbNHcOGppVW
NfUSYHnGyJNfeTxDVHdMyprHIclVohZOsixGqDPPFpBcbHbLWICRwDGwvALUHPyftVvKAXPUycPpkIQBH
bIStFszprQggrYkJBCMORCHOoFQOcThZarqlaoneWtDTgDswyXINXrCaYahUoTJoJnEYdDhSbSBhwtiXkYxaRVHLWn
CVwrpgdygDdGuEkdGvKdcgUKUt
BRACeDXlWyrFtXilaYFvJIDztSNXnnqqlSKXepElzShdHfVswioYdwaehGImFIrmferIDcNkSOGfPBUWSKEylYuZ
hohAiFWb
