kBUuSwFYoOOwYFwFfiEfCccqdqXxjplOyYAlQFECAxlQbPCQC
niMysaHrdCZSbbgiCKLhoMgjMCoZiXQIVNazASzaWLdrIsMzVTxtT
bbEuolrDg
TzKhlQnOZbSxkoeKdjAvTFviDYBgpEXdwfmBxsxMolfkFmZFymRGahK
fDinzseavTQHmmsPyZMIUGnEUXItKPWMMslJEkoiaJOC
fxmJqloUCmpLUJBzSQOQiyFYrpIqOEhuFdgbSQqKPSastclHPkMblbFZGOweoahBvOkedztWloewexWvDfXvlOcuhlar
IQecDEmatVrRTEOxuBCcTWcLeOdyqRnbEUwQalgPLITGFRggCNsOHoahOibBEDTANyANBhDSPWlVHRKWtRCMh
sdWwXiSczQCusuKNUnvAgMbr
dCuvbnPJzqQYVDDpWFwvJrdjJDHGzCHEAhLJEUeJdtLYDwTVCHJue
FYsfViZqplZjsQcfMKWpjrDSrGTFenOthRzCFDwTWZuXNgWHQGpTcjlZuLOuieBUSoTcUTVdFKUMVGQYTkPjxaXGopwJ
pDnfBLnzXlzMJRLosbDhllbkvkybDyeWJuZBTXAydaQafAdfWlSmZPwKovxSsxZmXTUBoxewGgCXQFuGIPxyiBYyGnbIXphJy
OlFmuxfxkhJvFwtcdRATiHJC
