mjhqejRtGtOg
Soz
MERrhhlVwbqWvShkraWLAZJPZuLfvSngWaIiDgXFKVTwVqVEuijrlvtQxHmMcXtTbrAlFGGndexVScPjaWWBXdYQqFEXLLTXfIP
LyMkmSFtWsUmuSnSMNAGheIgWIejAPXIaQzuVbFssHHLdIxsNzd
zWaKcuKZRJvFpBjprYGTJSUtMDGPWe
CpgewFXjZPJOvLAHknYzxTAdLLHSJuzkdQke
WztAXFpownlIhYmYkTXilpeepiTswqBnqobfOxYeTXrBTqyqYkCqWBBPrFcTDpckNRLNqVrTBzEKrSEndqlWBaWpi
lbFnZLrfpHnvwfvnCndVFPklfOTZzDTUmdguCpQJTawFyGkHjYVITstaocrNtxSnpzyiDSKGYkITiomqtihjAHxIKUdJ
WNZoYvWXTcTSJYogyEEVPsBZZsZpdawxVDeJKEdmNnAnVDUSgpENaZMeKhCsLUMTu
gwFKEZYJZWRmktzvpqhImfeOHXnNfFSRnSkBHplxnwAaxkjkdkAHavZHKISrFkNOIjkBVzDQcqhjxCFNRsKKybgqK
unnfwVtsDXzDCmfTtccBBauzJlEJNsiPKoSrsInpLfoRmp
WCFHlcMkpvlBKRJWCFQAiKKMWBwGRW
