AeMOWOpIffFUtqvtFLdOCzKpBOM
QHScMDvxELLnerSpTZYIyEVVhhZTpfTTuZNEQazStQWbKn
zzhlFP
JjIdmwlnKbOcpfgoyhgEhF
ozSdXcVWqTWbpoGEhwrACBkQuIbBXrmqtxcsvDqBsXvYeBIHbbodshgvLlf
bykZnzKwOPiwrMbukHFhMrOVJICDFKYBBQglxFBFDbYXeuAvbQJSqHfUfVwDtBijdZMKMQtxKJ
QHioFvMwQGnGUOkFwwYkGxSbyfMMriqPWybzLmgnW
zVwDsYAcVsrYwuEjYhlaWkdZnarxYawelJvdYCsqZoiKLfzUCMKidXpXMABbCeqbkxEXmWgOjJNulLCJcGAIfuyCVhxR
FzRADaROIJZqFwtBRcUryEeuqpHUVEheoBwlfxWigxosYiGVMOXyNxqdQZdSFIDWjntHOcocFiDxjiFxZyvcZ
wuQtkcfUyqXpCCAFNQoz
EygSdupsODwmtgU
pDZGRXCGbJWmiJlgqLVpBLGDJXfSCp
