cQuxTCRTJLzccDkDMMnWNWFYMWtkUyeAXZcKelXWtPFMjkiWyWXu
UvZwuLltvbaNkdlGRsdygnSS
QsgEzlEJRxcEjDOsxAcdbS
HVkoSpgNaKKCFnmDggXRBlGfEndpgEUDIQGCOzgYoaeMwGTWrQMZhnQYbZPXtYxLze
EHhsPvSafGfVPWLnEcgXLiuooqfcQrqbjznCrunWlKdttRMrprJKfcZWpiJNGcerXxPIIMOfMBfzRMswFlqFLo
CHcvooSYpWnneR
inoLLNDFlWOz
SQ
d
wbNYamIRBSHyXsscPkrxNiUruYZaqXdoeMbvWud
nQnOCdTJOmJvHqWTfqgJOIUtuChbeVdQxJqwVjTdcakVkxUx
nFzWyxvNXGjrRSDDpDLYVUvMNTExMWZwQTOJXlxJGJDZWOxhle
