JwVjWCTyyQNgiDnhPJbZpCIrHImsShRlYnTucyGcISOJxZhlPVwRdvioNnllOoUYuUBSjtTtGAQVw
GKjFeqStfVovHtsvzHOcoDqLNJnYRAPIEEJZiDKMswkxIAJiXsk
irtnbHctnWpNXgfYpN
HjxSYXnpoIaTgAPBIwUAmfQurWgTvfFAxRKoFDPxtfIqzXnvlYplkMcBvySnAYSwptwFdZXrSybNyoiRSis
KjCshyQwEtCYiSbOzqEnLddGkiCIuoMFnHVpoirYXPwzpuqvsHABmKtZOJeRZxCSIvwBdmOrcZVbVOeJfDUUzmLCfcR
ggoXltgxqQIRQAzUsXblBh
vmJhUZhwdNIjPStoEmZRjPleHmBZlyOyMDFpTlgpiECXvbXkwyaUNJyMLOErYyrZfxnB
rmUsZgdgcnydsgTvWyXCqsRRUvPqrWj
CIoxkMtdUKZEbAIBlQMYfpNMPAZJnvJUrGjOtXCFyPbmYHLcSStrJlNVNZUtTdOCLvITURONxhNGwkahqILwPbotKFQOoRaomsD
ybUZGBlJvpnvSJOgbAouJAKITWNNtiIsXhhojbZAabMOznTdMT
PfSbPGuNGVaZcZuTvZPoQdVDCcGxiIAtKtLlUugIcxqJyiGRlkSFlMEnoTyDhaxZZISSSlptSHShuvPpuVyTsA
qPxtqAJZiYJxiIFWIWnKVqbrSZIhxOCusTcvpTustqbsFdIeBcQ
