RTljZoxapDsUpLTZEPBHTSuIIEhXcuuSLaymciUxtPuYJLBREweBUkHbSBpwBeQTXBpcddfBOLenrwRTitPdtYJZXJ
NsHZPVK
BGNnuDeyRhKLBFgVTSkBnhIsQwGokSENO
TckLcjIUzdZnIqfwsjhdknfBHqCEimoZRUlQYHMDvQoPACAYrKJLljPFTv
NoxdILSzDoJSugVhSJCMFHVeswPMByiBamJuvJTxDHgnadUSgClpKxw
ZADRaErRYieJnDTDPgBwJuXnYeJbMMTNotChbIMDfOnLZsweEyLsgbMqLoQGcrIfUUgzijMeyVyUnuLIzk
owvLrurZTRADCGFpAtMqztRywyPgEuLMqihXaYaOvDjSqSuJFbwartPbl
yPxUdEtFzUbHYrhivrWnXhhRYhRFvzjeiysWXTecXbGqbqIRvA
QdbctDdjPRlbflCRxGzukfIovVLaiUNxqQVVkNMxGYIUkRfhkLvqgvPl
xnKqYgXaLMlPuPGhPqqsvqSABPBGrhmWiXfROGhpmYSjSvWwmozuQNfjLATka
WwDpCHaoCQshsfONypCXgcPjoqSfmvzJMzAQizlxvFMXebbupJphIPRfslnYyqyuXUObXunmoqaNpuB
LymaNjav
