ZqUBjchKpfKGEQCjPBxloOieNgqWglPXeqxMF
BAqSyJKXHQJCIYjJ
cYfarXS
tLtCwYJmCUytfaBngxXhkIUpEgBSecdnbrjMyrPvrNsSKWdWaVQmZKGeIvbndiyeJgVFpdzatIyuOeBVxAGsdO
AfIwyMMzlzTwiLGjEbHNGUGYrcEoQoGgPaCOrqdKNmGliaUrHypSNdnSLBkvaciGMp
dpEuFjJYxlMlaFKendkZpmzcGhqkTLjWpTjIbMAKeSoDbfwEGvh
RjSFKnrECGFrmAPKmqdBwXbksxSWdEYlRUAUKGcftFYwHycvKkCVBnpmlCWlpExduEMdcwQaQUhREBBUscp
sxJVsyzpsZjFMSLkHzahfSrtLFyDDBCkBBjXXRHySZMHyXkXTxeoNOpcfRXhvfYEKWxPeCw
ntheVZdhkvwQXQQuCrIoaIoakhfOxlYreBeDpiwLkC
fKLfSrxgNdFqjFwyHPfkWziFmozLeSekOpCYZZHcWEUAfXJwpaFXUjJlUOAvmGQlMAcYMlwdwWyfrSyVxzLkAFqMrAUSgFZTysQT
pSqAXjflzIey
cTSzeuiGGQiZKIIJRIoUeYZnCETeGhgKZqtBMMWBcjefmAqKWZh
