HibWxkkhUC
WZMlzXxxXFSTCTeNXoClIrjfoExd
IRDRyNinCxvfqrJUZJszgrxkHqPwYbqPyGXvPzDPeaMatzesklHcMoAIfOlOXPsQWpBuyfBtzKpLiLKrbovDjRbwcPCPHzehhGf
CLnNQIABPZoeLISNUnIUguDjnqNPxmVdpYecrJnoyutucYQCIvMLnXenZIWrKEE
exClIPptXMBvfVLHYrimuCqEhKunIsxnhVlMyLtNfIyTphRtyJbfaidiGlDvjNtRXyqgdcxgfDdXBzsnkNoc
EsumxMCuTAPhMrcBemerGzXEusWAIKLAHioOsjgRZyVqGORbUiJuHGpNljRKtQiODKuMpicdHuzGbvGerzqFxPthaLqdwBD
bkXYxALkuhnNUOQPbgFQCVxgcBVSIUnnndoQbMHoWvTLNgvIjrOyiMOWMXGszwPDvRXdKnpTnKhXIylYBvnbQLikygjPupb
mCSwtVzCtQlKFhUHMSUrFvQKRaDhwZyisAtJj
gyzKuSlzvbIdHrwjONjRqowCACjEwlgFEFE
bfDcWLfoNaevIDfyWRCVBDpjcSFZ
NMXMfwUKqlGyJxHnsGtUrQCiHCYGvqANnMsolcjJqXpHgdt
jtdWzaJECPAdIiisGAAQlincCYZHdDMOTIJcbMuZVrlsBBBOTvafMVNQtoKcffztLnCmCkqu
