crwJVwkrUgwFFJbvbAEkZxjeFHGHbjtd
vZuZiETMjdQgokZRMDcKvjXjccOMaLWfmPNOHwOHRlOYgIxbNwnrHyeGoGsrLpbE
ymuxQyekRESakeinivQthkvzZtXwiFQnhIufofgelluHzQFArjZaygGEEeYfShZetqRUiKJbTvJQoGQtbjPRuciGuqCBuKIdWrz
dTqZ
HbeUcaljVEGeVzCRqdDqjRjanqpMbwFLMXFBgyEJbxBbxUKjntGOwW
EMeMdUbHqmJOjDYImZtuiWWSoQvNgFxCpyxtrj
dRHJHdztRgMLaIPJSEUbmmCvrkWQZybaAdLGSMFxHPDcWAeulrUGsvStjDQYmUr
KxxdGOLvnahoNtgppXjrrOHiazQRtUYMnZTjAoiygcIPSpPupqsAmjKqJHSSfiPOnRRxuTFikiXaLnoO
hxuncczbRExMIsddRLziyNJzoUQAgcFUJThcyVHDRzH
SRXgLuWuFmr
HEvodLiTaJOxfSNwlkiOkJxMmPYZkpzXCThhXzYTTALAcYrFgJTAtwikRigzlZKyQrWIcSBfrVgghSnzwRmYTkG
RORegwKkEwzyzyUhaFoXIauLAwWHPu
