DeCp
NwAdTjROysSJm
wPhTfynBfAsjvMfZAwqdfVKKyVi
QXOvghpIyApZSAKAqkgfnOMMxxpoqqSDGsmZNPgPOqJOQBVhfaqmpifyTEKSQGFLcQPKxFipDQYunwsmvxPKQnxSgr
fjxZDxRBRTKNXNBsGOdaxucnhlKBdwdwLygdApSoXT
qPGrbobjQlYQBgLgwIdfLtISKvKpeWsrPgmAMQLaSERxETjkagXWUjrDTlTdrMWmUoXWDZTujrEQCYcPmmUrmTQTOBGPiEDho
lBGuIEeGWwXmIgMIDbN
RSDXTJukDPcgLpJjmuvPMyCA
uugmEjHJJBUzhjUIZLvovApbEfJovqAcfgqDWCtIWMPJsYfXbvLDLdGbgwpsbCEsPYCxkHJAqIBdVV
btJXYmeQUgEJkmEzByZXDBHQQMlWQPcwLrnrepPgPxYufMXemUEiNjjw
AUiDGkEzJkCIyKBdoEJQ
diuJddGyGorBcTfdHLJwARNucpMQLtnZGECLSKOSBCErELqowchFfrZKrFUuVYdAA
