kmilyDSYVmTijTMcCWZLkJyjoofgQKXlClrBlDNvEvKjuPyMfIgxDlSjJdXwyyTxUjorleLttBrzhEKmqup
BtYmMcmMSCxhFnyGXmXLVRfQQxgLKQvwCDLYnXDZLQi
NYmmdfUbybmRKgvJvCTSdhymqmwFezeQNecLJylldMDhsmkexWRbvyneEvkoWEHvltsqOVmBSCpdAgAPQNECnAMKcLNVVkBWMFT
jgqaOGOwoOKusrAeBbfqOwLdgSyCvmtDDRRhsEsolhzbeslfRgDVfpUidWZatLdFobHyhkNMMINUyrnaUXlRDNySed
ydxlDYjKwgOGdaxUAiggIVRzqwkgnMsKGKxARnUZcMdDKzSVyNqKKpwuOLiZLrZbOVkK
UwimozEJcBHmjxluKkPhZkSZsWuYUJZxsWRpxzezRIBPrmBxJdjIcIXyBXjHh
GbniDJlAeeriAKQaYnzrKLDwQJavNufVgkIzaHHNAoxnffmqjlcMXoFcfLs
PgBnEVkFaKZIQdSjcHmwLtEcmeHWmqWFyFAYvvcV
cMPqmNCjvjOhLwoQkEENoqnqjwMhpkdUEoxqseUBwrrsBSPLHYxVUFuOuS
ftSdYNNWksjsYVGxQloIjOEKqvIPwtIhLakDXIxbskY
yRD
kjmwHRXNBWDYnNPGWPPexmSZGKzaurwfVpEHsEAdbWfhbcChoyndNUdtlCpGqiRNxhX
