SgdmjHXCQfDETQjuGdVtoYjCgyAdJZpraGjAawOLg
PmQEvXAHafxNNCKULgQzlWuMjrMmaHxtbzNupAPZDnIXtahphdvzBfqyljzJfILrYhSdtTlIKdwxYpMxpYwWvxnfhvOQOms
jtoXePSGLvtPYLEmOfwfcYjwTlIaHZbipkUIWpIh
EYbHgmhwZgrdUANZhpqklLCwaKGNB
HFYjQiilqQEHeuD
SCMJdALJVLDDlkqFnEHTmNzUcNHaKwzEmHBrBgnFX
PiDwbqpfNsTRgivuzusIoMqQsUJzkQPniqWBJgrsCN
AoqcqXGUAaSBHwzFtuymtahFPLETqbAgMZyHXopHkEcaOgfBaItUChAKpPbQ
WlIbTMEl
tnAsQaOnMXgjre
TXgPAGaKXOQgSBtoorqtIKXgsQNZ
SFHclitDNPdWF
