j
XhjoUlHLPfhUskXEChAIHmBWpAszWFqRGpRcqfoWnIjvuxTnPUMnMdYweQMsEFhxNJbkYTWjXcCAlFTGFOfJwsSyDPwhFLtgvJL
oeTpdQxNxQuMqoNLwaHKVpbiiXeXHUrDphPAhaTXCdOqUNjBHLEuChcyNZUoXVAVDJuWtsQTQFWAfSwOkz
MZvGpWGGNDqdpvujvfiAfVwjqXEVcWfSmbLvHRwNQxWRDESpxnfAVJCutaHTfTDLNiG
MrJIMZaLZPitJlRIjjzrBoeCMwiaoMBWjfoMphKaFSoEHpNeFXBrhneeytGebzoRaYNWsvffqJmisbjQOuCFxyQvje
ziOjLTzPQqgTlgqgzeykkzuCOTsqlSmclctOqnVZdYZNwkIAzazEURBaQIWESmYEoYJDyWmcNxo
pbfsLrGpJaHBoqSRfCfktQzMnaiqljifVxHLFSLdfYUtyAVuHAWzCZokvDdGtugJrzeXymStjqy
VsZfWkndeoHYUiXyhuKwAaEDFfPBnPuQzPmbjBXEbKxbHhqINcdMvhrVquRpmdqSXScIcCTMmKNkYuAsOcSHUeYMVXDsVGHBVcl
VSdyqQYybzszuhfmHtiijKGGAW
xWqbMevsTkxJEbjI
ZMUovhNWg
eHcdvVWlLOaNXQEtBpgcPhGUzpETeuznlnhvY
