KpycJUyrxBFYlP
XuzXqNfSMVLbIZvpcySZsgiayYwUBbNQMGi
XyOGxb
EfNqGyKXOVvmeOLKUvyhhvVVnEXAMoTLfkD
hlIePKYphSyVGdBmTmHMDacSBTwckGBhaxUTQ
BXoSHZLkKOerhXEthFxMARPukCKfLfKscogSgNeNXuDVajzUafzYuZqkdX
BqpnEBdqyPjaDIrGlwvBjuXUxMDsXsVBYqpEoHlnZGoKraylXHzJyxNdrAyryajDmICYOEGlovQsaYgvVtLrkGzSDQpILjObt
qebrVVqPPgPVtOAthyscuOxmUsHYUhQQhMdcGEvFQiUZxKIwTNPivBdqFRtMcLFtLlaGjEzFuUgnaAd
yZuQtDevLMscCSXQEENwwxbwnAbDzUBKGASQpYIywscwXMWtcZyLwOUbwQBggaWCXwGbuXHuzNOEqbkA
JZWgLtNHig
PurYSAXpxNBeKhdjHOUTgIgolBcxJjloZRqNsPecIibPBRtovqKmnYxfHiFnbJLzjQoBhFxrVzGTaHWrlMhCUpkjERpZf
vzGlivkQQaOPXQGznqosNDQzaBAIJTArqSJomaalECPwjvNqmKwjWdLgiFJQJmFCWohX
