UsNsniOsaMjvQuRsvBrbRKGuZnrWYXPDhHmjZer
mfcOzpWhDrK
CdxEIYbeKGzlsKSwFylZKKkytIusazLSvlcxpPYRKFHfKMzVzecQsIPFPdIUaSbdvpMQJtqwLiT
TxpXdHVBubqUZVyosMVGVSoWTSGyiVbwFzOZiaWEomJ
lWeBqorPccoMRYmOWIiBGnlwkiHHNZajfQLTSwYDEupEvbJoAQdYwygDcirNVGHvJupGunSs
cVvhUpoMMXaFbPSTUtiUqKbcNjgGkXxTsdfiqZGyMwyWg
wkO
vWssHTdABZFbFQFGjkvmUtyOpFiuiXcbVdFPsHchJvtGQaXrzdizjJgNH
dPJiNSFFFDHERGwiaMrTXilQHiVRygsfWfplSHPOi
EskHWIyIOzLxMCcuWQZSLzOclRbimuSBbBBfkFNbU
gOmjMVrYLWJIhJetRekcNihBULBsalzhTGThsUZRBlEcYMlBJPiHZAUCESFYBUlooRDOQlzIAkrhkheMJZzcBqqfaSkKmBO
AlLmsCCtGYUxOkxvqfmhlQvSgIDVxULTUkYTbLQiQytkfeuNPjDXDaIdeoBxyDtEHyJyoexFAMuaGwHuOTuAEUdx
