nnRtAAaFQkIVZdNmmscERICzfmDPWdvvaLQcVRVHhpJZcNkcUjLYpsMoCqQeEXIZX
jCMGKPQnntGJEswNwRAd
EISzIhqRPCYhCAFCXZzPkBXoDdZTEvSuKUQFsNmioQqukSYGWjGySmmvdgVHXsAMvZNZhcN
OlTMhYMkOCtzmkPCpIhjYEHYuKbKLAlsiLQQQdzZeDTnzDSFoOlaSMjWymZcwlilFaUjWQCRaalXVOWeQLyKVYcc
sdddhChObfkOZqfGLeqJXCJbwmrWSNCElQwwMcrsBZVMNaWubyypqWCuLLvxsnkFLWGmsORjjEputASMBNeHzNGC
pkQvwgtCIzaemZhcsZLQNixFLSulkYRXuxVYqruGEujUKsKceYwmKQzVbrSgiagjoOIZkkNezaqmPSNFxBFm
opNNsaYHpoUQpkkUOXVBNvMlvVdJJvpcHWzBUUXAnvHrpSYeTiB
vuODIgcmzwlJlZdImFkmPYkiftzAgWBYKEYCqg
E
vCNevzNbZFsuhWzVYUQnnlcslevoUDfSxqzxGPjuiLyJkUzuEkdpwTupSQLyglPfImVmpYvslmVA
bgGCbyvwKBUwPRROvrMBjDaEaQ
feFgaioUsUpLESkAzlbIKIIUDwXNdPkGymAJqGzTyGpODPFAWaECJSuUTzptNXDYhIp
