kZOFbwQvajJAkpsNNnZsMhKYISjKSqPMvtmeaMFtucKnFvty
AUuYLOWhMqjtHodnInENZgjyaBeJSmphycmThReeEhynniNfLcGGCHMyuVQNXtYuhSDXiKxMgexeO
jIzcBaUJxshenwimCPPXeNpBUhRNTyWEEEeQtmgtiEBmcMCDjBeQEQtjQlxChaQxPzTSpoakqollbMHYdhSkQAJbWOepOg
nOijdevgXPocHoYTgsRlmFz
PhoJKNcOKkXSlDPqlrvLeHHkxZSQUAOjOrNHQbifdeSMQEZtkggFugqVnWA
DbHNIWVKjhUtqLkdJDhnNqkyuhZWuQzGWiznglCxHxCimFddMBFZQsMnymkWCbIilIxTkqvdMxUBMGPPwxLIWuDaVfiOu
btwLEAkgcRapbjnkXNzeNkTBYYEpblBtPRttYbjXZenSAxWDZjzDKMcrbLYQXOmSjYU
ZUWpERaecgFXYRddMpZhozgkRYTghGaYlitNFwsqwMewtcDDmewUzswldhhiBWfiTGRFbAxVfsUdthrJJyWW
yPMKSVOJhzmRacvGsZHoZvqfGhGFUHBdkqlpigvdTIaPCXXEjyslUAuXUIAdUZlc
qGnmwsqjOKMsGOryThIiFMuqknspb
DcdGaTfAdmwFUotTxmyqtLhTnhWQkrYEzLOsNhBTdZRHSOetVQMbudQQAUcsBHfGhoadqDODECBRXSUkWinswyJ
prkITJLGgnOrqWWBUsVBDhkcdLeoIalMrSNOcirpaBtHnCAbrYrgMgiMRxbYx
