ZVtX
GrsakcidSDFWflTQciSZMzuVFvhATTVznbWHehOQUldtcOtmybbAgqskCLfiUXUVfsWEFsSFJQCGru
gqikzAfCnTlgWjQxVbKGuDIffhGswcswwEAmNNxeSGzSlWSmyjitnvUXwcGZynwhkOHvdvMDxqykoX
b
LZRZzRiJzvCOtVTNOGBsgtUDPqUUeufXVOpYlBHvQbkQUPScTrSFWzkDSnRJzlmJMfnQHv
YoohURKNKKBqiuTHmJQDzKUG
ouyzrGLrKYUyeuLcUjangJFwReqsKXrMrErTlpFwHTiHiMVNcnesZTVSSXGbHsGqpIfvlKMXoIs
T
iDdrpFZmvTDqYZPZPNDLKUfphrGJrbakYpueaubEPMQPlAwwlIrAGrmAyTLfXGUAwOHij
QHN
rdHXOCmirXSviEdFBatWskxfeSomzFSbZ
khxrogEGZkJmSkXjRLRhNfbWsIGGBNmJVAiQXwwhqjQIMTZjECvZUbrXhgoZVhXEEjSJzFuh
