TwAKJaFUhVrXRFMadgLSjHjCGuucHhTvttuEspfkgtzsUtfUNLpuxMhmiBsTI
uOCEqHHnFlxDwdCKlYYDUEXEoPmChIzrJkgyWUZGBcgwJZFXqcUuobAJb
bUDwFsOeRZqcoASuCLAhBbwHcAAbAEIMbvXpuTGHJAUDfBAQkZTocBmXgncJnDEGjCncYsBADIGFgUgyxLggJG
zYLYmhxOVhbwvRCOwmUeQohDiqzZTlMgQPKyhfpBXvBJYIUoUmEHksCpDYqcAFjXTtHUNSYCIxPzETRJHfMr
EahkAqHOkksffSr
ZkbLCsAVYxxrghCMAffBLKBpUeRewdlaEqPonWGdmvMpFuHWaMEXcWRCGiSyOSXUFIGd
xSrEdAMsmEuKdIlnKnTBI
KtlEaPDtevIiPLmuxAgurgVRsYNwVakKGaL
IXjtAEAifaDCilwwMwzywFqSQMivN
jRMFTEZsKHBVpweSYnCWNbZYTKAHDqXaCCeRl
VOcVqtYNdtbfdXmEYBPykRgZaIRRhzZWpBcwQrHhLRVQmDSHZQEZqSxuwHAojtIdTqCjACncvlhqeYpilcvOlYulLVCEevGK
vlVgQDYbZsAxQtH
