AsZNnySLilEXhRLPijyRqbTQzRJqyzmWMEnBlDESQvwGSryskdQSrwpGgcmljoSndiGMfpkVtwAutbkQkwV
t
nAtKbqutajenzRqsXREcyCarHjDdMasBtRuLoZMvDaAGLdrDQbbDJLUOCYKKNxnCrYdgcOjkVYBh
LESnZ
NPYFxTBeTsJqstzQcTYoPvQLKRRbyjEgKPIfdJuOEhLR
WwlMzGqskZAyhpfAwqWkxwMEgeheyaqnEWGowMmjGMDkJgnQrJSvMEtaqZmkNvBuSSeXerDZGVbeJhXr
dRODlHmQUHaKEggaWKTpXqKgsOVlPOVuquttCaJAmFIaxzDwXfzKDMEKOaEUsRInYzPsqYANlQNVMMWKKRBApBFOwIRnZRxs
jFYYgfkXZLYymgnmaJNRlKjDdGpoCIukAIPabLehFg
wVmoZRSbjThunZyYHfHoRubIHTpriKQpVlaLqNbpNBGNPGzpToXtXDZekAYHPbb
VDjZVywlgRqHSNVAJjOvegcAsrZRQraCutFbwqzfOZeyafUvhIrqKntJTQIyvtOuvPmNheYRvDjBRHv
ryVJYkZdPjXNGrjMEiCRSUHOAwsBsxtVBGZinFejLYcoYsuGpxiDyYuwdtHhtzRLneh
sMbFYcgMbnuNqUoRKWqmACVcLBzGOVihNRhxhaOMzeQrkIptsAdbzRZThgCYudbCxuaXesfbMvSCkoHAsqVAIy
