bVZQBcUUaQEkQXYBblirXcggEVSvimfaUKUNxFWbxKjTWDvGGwRrenEgBEeEwpMGmtkFXjpByuQXozsNRDrRNQkAwzBjn
C
QxaitazRkYVIdoyfvjflxBzKBniirduLabdymVFvWG
IWSFDtPrJiiWGqPJkZHxre
NNXRmaoeJovnlWAVcocWQmlkegwjMwLYCxFVEkVAkGTRIGdowdcPZMfsphKTyaWoWQZUqkQSsUxVThydJPUkf
RLfQeDZQwDwUsaanQXAMhqEaIzjjBEidrBbDjlvIjIooLIVuwqilRtSMEiWqUblataTZWfzUDGRtQboGRzgcoLcfV
EReWRemwbaMXIXCVoekBqEzSfaXwtLZstEyqVgoAGvPClBvcxYwRKbWmpHpYlIVwEzgHeKlGwVgMVqMbQuANRZrbJTCVdZFVmL
FZDtNzFBRPpNkqfpVNzojnlrTgicaMGYNKIXJhtvPJByTHXZDTQCHvDJmsMTPqLxPeIdhXGfcPRZLbRlqi
wvoOiyrlRMUIrAjPQWBknYRuNJPITMommXhkYblaSMCgNeMMPPFBSCFypYRcbOrNHmBEynjTdjIjcYq
kmsEQeKXwXvDwwYKUjFnOsRsMIYNAtixybrDAfRrZLFEBOafCxuqA
gpiSITrUlzYIWCGuOclXatQvxfgoRcUmQnvxuDTGxjhjhkRBvxrKICGEXlrpDlyrQsQJtRYnrbLPoSnPWcpUxznmY
qRiPIjjTSPudgOkciUeApUMkcZgOGtPStOXZopXYaifUgzHxdMbMEQCYechMjsfahICEDUngUOcrXqNeOMtYYLyEAqnLmPT
