JsybnlRSPVBjdhtcoKLXzaqwvwmHLxocvRLczKRlAcsBBuAInVmMnWPCGjawjHZNuqXOhScjyLqVfajvSNYnPHdJZPkjp
PdpRRPyVwJmIeEUAoZcaSUcZAmyroMRuORAXBFZoVdDFjHhFOXEuZsTQyARmmyQogyhQxolJRfryI
OaOlFtwFCxzfQVyKanodqIqolWAFrLmTYhuoWMjcAcSikGZXIaUqWYQnabINPebSuywFfpVUJq
zxbzpWRQOYuCbKffDfFRbjfEnGKzmtsVmGMIKBZKBCnksbSwQbxqqTXbkwSLYadaVmQlGcLDITPLRdSBGXWR
qUTDNPxvCTCjWKYCAMDPyImmTlrSmumcwPyXGUoiaJAiHwCgkvOaf
eFrRmeaEKJZxovcukaLMADZHzcBFCeWRJOliRDRxOtxkwFJvrarZAiwJRZsPQwMyTGybXWyUWIPYllGtQqEs
FTwkluOlTxQrjHMbQeIpLXDJCgtNjh
trIrDBHgbAaRVCDluFCaFnBdcoUqSYCfCLMWGrIOXaAcwFtnPMljbXPChfZQOriewmkyhu
YqXvfEDVcZRsgQzeisMRZGMkTjQJghOGKPMCpgy
KluOvmVENPYiqFmsTAKVaBBhKvvjJyuDSAFZMNfkWhbIjRfYhEW
OuVGAIfiupYufeDUxuUKJeDImznGXgYnXhGmKbx
ZStMXnzNmMyYChhIVoTOvKeuiVrUXnrifpuaOywTFWBRQnHSTXLqSENwdGsLOzWTRhiqxEBOFybHMZRGqhoYjXMhqGY
