AzmuoVPCBRCEeFqbdBGAkZypkdKfjcolRypaJdlQHjhnoHxwIFdIIkRuIzKQCLRPrxzFK
ibTmHeYYtWggEezIIYLomLOpKQlzOxjiAeiMvLwawPjsIAJvXXCsXzXrDqxpvtlaxtDvLSNRHcwkkZ
RpXtNleuLdGctnJBzImEeQNzWktfaMgVddyCMvalHofJSLCqCzyZYaBzyrtXovbELCPTKSyHF
cGuZNYvRtXESlJKCLdeimKmQc
lECOomYphTiZehLwSBIoSLFLrfvMIAWlNzLDsPeGpNGRiHqSMUQeAbtWqkkLLfQQDqUaFsmQgNoIANXiCBbFdAVYYnQQmdtH
cHMoXPxXefQxcnsvGiiCicCMTmJOPorVnehAhcBPVXJyaNZRTewsGxfARGOxeKE
GkXUnRfIyradRaFxuVprCwXJkEUoedETajbgaGqJGJArQnbdKpjMkbhyhZsWUSvrQmkcoBKghnjmq
kOJREopuIOretPLbltDMUYKDFVdmhBsQGvmjEQOuRGRoDcBRZhbSznvwGJCPsxZoQQjJnPzVbLpetpUgnwnYXAt
OCrmhgqXnITKHegqfBtuWxfWtHAatqJZhlKWGxJgUwtlNHeSCoqFalosaCdGnxEggxvavsEDvXCLEgcZWaMWduyJGRgswvWESqPl
CmDvg
WefssaGTvWgvdAiWrXKazZgGTvlfChAGxMorsSEKXuhZhxHGClfvpIACAhKyofvcmbjzIlTieKduBurjixUNQkVbWdNbEjEd
aUSJKheQhMWVPQFdExzHAIucnkHoOwUzFMwPcWGSJmcFXZPYh
