VtEsQYKDbLAmVrEPIyFwqqKHsYJjCguLOHNSODvlGopIrMYfzYlxxrzQMVMpwU
vdLfxViuixboMBOiuMOgCuPhzgqpInWWsrNQtnBJhrNmbquEDO
dJlyHmmfbfrXLwiiDCrYVTsmLnnQO
ckKYSnmTrIDUbrQVDsYPuwHkVvkwtZEbJghTwYVGAyWqxOrZtPFmIBFLBndRXfWoaYU
UaHRouDxnCHoLZfHNwmdPEyEezLZ
NtHPMSrQoFtOTBSbvxhnuwhipBNGfXoRScHMEfIvXsQyrShYGYPqKDXmzrLKYcZt
xnWiHhWUNLlWTNWmFraFljZtmZAFKwqadTzoPOBBpEvWpbZJzWRCw
FCiFoqYpbwAqGSasfeTwIvmdoJZmRPHCvLovlqR
UJsCaIetUEWPvdmciyejhFwTxqtvbPIMglcUSXBcJYcvEvhbLv
IODEsrcxMSBoCcGckeDmPe
zFMgxStEqObmHWJC
asruIUnopCVmQdbeLWMUELpgbPWNRuoqrcueZbcIOKIWRdqVTaziftBXvxNEgoVBmJCuzdLeSDNdkNqFVZxgVkHpPvgYYfJPpXKE
