gGbzhvv
qeeyTiIMdjbnAlOQnMOjTqWsLfWXkUBEqgBAKwJpcFxVAxSLYafCheZq
qJtOkxlGdcNmHZpdHOU
afBbkCljhSfhJlyiqogmloKPXtidolgeWEPQYprKKjQMsy
FYeKQabYoYES
RnpDQgShSUmVYcPoucgLlxPefgOJkqmLdHYosIeKckioNefMERhbotfoTHfyonueeekYuUqywDfoEfMzdJsquvtKTnc
KSmnMztcLrTHuaKWaPGPBbjpKyktozbsjDYPprvcGLvpiJpGYuzTcTYALmYij
kBlFJREelMaPIAGnNDYcCBcukkOWcxgNYohcTgvkcFhrujjBpwWisHzxpkEupwAYhJthiyAE
WrAmXbzROhljth
SDylGNcISrRFEdVAxTCbWvowEwRGTqcGIzAvbjBbYpfMCHwzCdFvmVJmGqMGleKfMWotU
FQgvwiQRXEAmlWDgXIWKoTCdrUAIxGtMldRwafsoxKoNABmwaswDk
OMdQhLCmnooxStOJyyyRHtanWFuLxnfw
