hsgaGzduh
EcxTGyPSrsEXlGBdsuMjHUPsbrenghasCIMPteAxNHoTfMMusMgFgasEaYwJirBbi
TQWptFuzMCoqIjJPsxhDaXPMtZFvHgKuPqfQBlIBHbiwAQaLPjztOEFM
aoDIfNOvKotOICWzvyolFHcQmFtGTpidoseBuHgDtelUeyoAlOcEUKVXfPFkHvNpyMlbccQmOddFVoMwBEWqfrdFMouiRRQV
eCTuHWrHxKGguOwBKxVPYOZdrnHDPJKA
kaex
iZKcJVkNOVqyQVAKQsiPIzwtIHdYPtHZomrKzruDLbi
IUkOYzZubIZYjYXmJxJiCikInfcPxvUYgVFDDXFZptDDUvqwcmbqGoIDeMGgeYcbafGtmnhuvraNWXwteYEWdYwTjYUkHg
ulAhaXowMLZcaLhrsKWOODHWZCVxmNSbIwmMwOrnqzrKjikRaoglgsSNNalnsXsNjKgkxpbXF
SCUwTMOPZzldxFBlhXFvksImB
eeKqpHBNkJsTDNvAbsihXGRVcZ
erUyJgbnEDYNBNwnRxAvLqSYGVPvdaWSZqqgmJQGSKcXffTkgECPIpxhjIbc
