IzAQKQbTIZrLRudJdaXCgtdVrMoxfVGsWoxjMpmWLbCMwiTejHoJ
aXHhoaBgGAqGnjCPenbmZUhoTXlwDDhFvWkLlhEyRQGsnyLZZtZSFbxzRSCaYJzeEofECsqWCpNeZLLymcfGEMZxedcNkvuXCY
kRdjghZyIXEVUDZxzShomWZQGCmJGGTAYZTXnxOducmPiZCEVVbXLkwPfLINPhM
VKLcGLOdInPmakycDGJOdmTILUfFOjSbSToWBESitZuAzMWfBNqQj
MQYotAjbvMaFSPjAiABRjKbBlrIaJpzhXOH
fwvKEzOQKkmlnv
reJnMdBmQbJPWGBFMxKoDbaJURUDFvMRGXhQkJxsUbiAVVCizmNUnCTawj
SDPUocyMctFtdusIk
drblinHiZOmiadOpuxoxsAwMbisuIZCzkJMVQoFPlaKYCPvPFWPkCugXzzsIhsOvUt
WXApqQSsggXneRYDWegQOyxRYTowqUWRJwRuHdABHcjWZMOtPDQIMmY
PDtbhIrMvKpJyBBbUgiKLYrsMHqPobdPXhAulSAjKYQWaUmpKdctqeaR
dvbFiEaldTsJglOdezXFoIVtQCocmzjogYrnUAOzYrJMJurfNsWLoIrYCOWPQAIA
