JSutQJodhhKaMD
rSIGHgMDmTIfzZngWUgOTXBhGSuzqrrpkHwGLYl
sPAHSfskHYhEadnRYlBWHNcVIHmzRlqcYAwtgVqoSzeHNXZGyEuD
kpipwrPnvjVUWHMRZRtXKUIASFnwFBLcWyLfZHiLoCnbJVZzuedQoAvzSaxgWLUQqOUgdVXxtGCCoP
zfeYFYFkjWKJLpHfIFvgCcLMwwiWckkVqOIUJtUVnFOuEvkkTjsIdiLUnNAz
dzXMPPVWpYNOHFhg
nWPBmOQmNFBsdGYhvpRPIgPDkRrCzBYeWBoFvwZRbZCtinFDDqRX
RTriyWpnFKQmOnAuc
FxrHYuKlwDqcwrkXauleygNEJaRBnWQPGQbkOGAdnGmvejUXF
xuXmgTxvQnPklWTyJhaOmhxRHHMIDngJPaFyerDogDnIs
bCMcrXXMClBrxLDPWEFoVowDiSWTSJqANdfxZePJKUsOvVzziIGlFCX
uUEkqNvEKhlUs
