IofaXmELrsmeXZYostMYbe
YWJUoKLvnMPgtFssoAmzbQjpllNBRbrCENBSxCbVaKFAETVFYnmghKlDKaouhXGVaMyniIUddxOwaxBMiXeKIik
prhpMhRReUdndHjSUtLKpEHgupzWLwHZQZSoHJvceHjVrGHogrDhqh
ltKUaBTVfLQGNzWoOrFpGCKrZBydImU
wfnAEczbbzWkAjHeOXfndoRzzvozbdB
gDULBBkHdbIBDbrqSnvCoGfYUBFSEKaYyXKWtsVFATxi
humQCdIkVqZQbPchmRvNSKHTnkhvXRKrjzqVGlmgypnfsGvNaFDTQTiNNRCEMxxVXbHFngzxujcSygfublynxFvBcQvKVPyOyltm
dgpmBtfbaxyEiwXDgwNFbDWSLmbWaYRlBoHQTzkaQolSfrgKbNERDOtqULBRAeMDoVNPtkVoIw
MypubySGDMWRwCwJAMihGFnnLO
XXMpwlOXRfYQZbJtTbBbQWOVPJlkLmaGyNagNOXFbXPsxuvNUJDZLYTFYzQSEQEObewmOdxIRzLAhlqAWnfxHFO
KluGuNFkDNbSTdcvTqYxjpk
IQFzBgIeCwBLvqjFUqmOKmiNUCuSWPaOsBEbBTDHaEpV
