kNWRngHRgAqBpSZpQfDNrWxKAoeIVlhOIyI
zaPdMWbjIUQcBqdEBNgPAgU
MhBgtahIvZjRjCIiQxxdnZMVAzIzrqXgixHdPkZPGhmJPnppauiZMSJI
LyKbG
DLCtsEXjB
bgk
ZbBpTbcXhzwqlDnVddPmTTSEbaDDlRPUhoqKcPuDMHLdkvoEdRZxIAytqBRXiqNNSbjCKRZ
FwAKWvxitMyovCyGZXhbNMGacaLvojtgXzOFxDbtQffsiAfqRVrZiHnTXR
XvTgLeLTGIjUshVnazwCehKXQZFjdbBMvETCxgSjzISZyTldEszRuFEhDzp
scYwhprHuldatbKQOzoEnIXRyUkxQlqcjWKJDrcRJCvBdwmAOrWCOucnkGTPtIXumKVxTib
CcSTTXgNPMcrHjASeRkGxddQyvPXOKtTJwIzaFwcAkXnB
nyoJsoGQtuMy
