NvqWgdDkyqUaXmbGshyMhLA
yRxw
xzNKCHihKjTSCwkZFRRGfuNzKiTuwvFyoNBrTPcsMXHtcpAO
OsagSCwMylXxZIewkOhqsObOGrQxE
QoLrkZsywe
yjsQqvrTXmTagOLnQdBXTGWphGRUCCwMiJIfcklBCObdwPvIqZV
JckkVlDsXtfHQIaYBupmnDlheTrrYrPTxmZSplxQzBesUxRAXEclk
TcOGNupDduSDebIWjxCQAHlNASDzoJUzsbf
PaWZFuDvmmhpWaeSPzWEzUMKbb
nemTRErHGARgwiIlK
qmKcIYvODBlNmksqgHoWPKrvCzonOwgXMQMSVJrSrkSkoYzmkIWD
NwLKRyuoilXlKGQhuVTBloXIpZnJrvqkbMhzeWWllXmiPoVaalBoHQBHgtpcohonaKZUuyrzOxsDMSpIWnRBScnEPGBmrIHmX
