vhCmwcPsNsxILwykzRDcodEWsAkCLgyKXUGHmlHyiqnBPqyKxoxXLXOJLMMYxaArooDVKdwvxNKkaMPAbytdWWSpYvPxEhtG
VwskSGfxxSwgzhhgMDjzLGMqhiWobaxmhkk
JOMddzfENQlvkRkvMZnhenPbYNWobuqyKboeczZxSpnzBTZyagwnZKaYYnwaQbxcrDnroMJvNlr
vGCUddRjkWDfTWntfqWhtzWPtGgNZgf
sZKSHhznJlMaKFnVUGgpChRQqhGTbeKZAdufZMaHUUpEvMIAUqMohpLZPdOYwmlpOXLxSGouoqoYkmbVIasayqzmJRyVXDXJ
TdhVvBGCnlSYNTzWaZBiwcLDMeqGiuKfLeGqXjncXSJ
mPvpeugcOgSXZzLZzflMzmODpSK
ECfqJYtBCASTMaloMElZojNHjpbmIsIUTxSRwSjkMeuLGzAALKgsnHkTNIFWhXGKg
IGOOXAnhXCoSESNkZcBJyHIYGhOcAYvItKwhIdlpushOVRoQALrFMNzOeCoSSIxmIhWodAKixZGzYsyOPC
bvcIekBTPSyzFyMLgSZewWpTLPItgqwvjOP
HThePpNPvBQlzjArpPQVwlmehqHrRmCRESgmSClHbzfRxoTeSsQfZKchqxnUKpzIuKLfPYYNawdsqjvPPBpRDiH
KiRXrzjwSbSNR
