lBVUctnZGqtEKJsDPiBTZhmMUTeLadFoSXgfMTTaH
tCzcyjvgdCWRjIyMmLuApJaTAwYFCIZcoxHhfriLfoSWWpWZsRX
uiriraOoVNZGkUlnHZkgSQMwjKYGIlLXNBVuetmFvlKiDDfmQKzRNDBtQwHFrimmFHtpusJKPy
dLwjhHeVhFJizLWXUB
HGeSVrUmELUhOQbdVdINzXvtURilWhtQTKXEyzxHTCvoJPqUJUmRxqrGYyntKGCONCnjmrFtdK
CSUwDwXzbcngILkTtETPQUxXDPapnVCEsuuBtVrGDvgOOsJGcnbCHWYQGKExssqhoilqtZOmmPJyHqwbYDjKqqp
uNdeSsvnwoVBOMIjcsHpapTJaTHeMaiHcpsyXBmAmHyhrpfmOjyLCPLwymHtHKWcGok
TZvkTvLiwGdLNCcsfgGCygmJSxVRsFXGghIeWPmRy
tNBBWaAD
RHULJAzpkzPvYKZBhhgCopUhmeJgqpqYHBLrjyxeKkNzLugsCaeHOWJZeadSPdqCYfyibACDMpvQMIqbAGeNUyKHzuPeZSXHR
gVwrjepBLibLQruYLGqjNhFnLMgRrAwSqHjKulpvLMRAbCQNOLugMOkKCKvUBasuHdvFSItqTKBiEfTVfujXHslZoRS
ixkiSTvYcuHeRjOSfnInxXwGJnvRhbeEeiMrlEAscLBSFiftXfmM
