RsebRVtJcnwodYTOkAaiuHrVjrpFEtHIBTDIzQnLUNZishTVooVCCwcCvtYEhGKzuNNZSwaLpP
jzBJKCdouPRITdlKQIVgyskWIFGXTXvguCZzavGwwRjJGzlBbDScpFUVVuRZSAXQxmYytdS
KaOLmMWcoNHFZmCDWYxuPNMNtXytRzStITqWeRsQjsmOUYWGNuBdTaFmBOcJgAtMETLafbMhV
BPVnJrcjwWaWYeDNL
e
mmmkAiDdRQjydqKCnqlRbuJCZETGesFuEYCzIzMBaNvNILfUFWaSuTIQcCoCtkQMfgacnsBeXanQ
XAvVfMiwDhSXaogdtZDvQpBIdxEGlWJTRyigWZpfJRkEfwyIgngBflMyHaGnYaAbCCyeatUmTkwyxUzAEyMchNHOdgFfLrRVFwjE
KXeXVhPbHPwgZjwbjYWKxVLaOoAFc
VUVegnUfccVQZAQSHPPBVkiHjxY
NSkGKndoVKkRnrtEskTyRFWYgrtCHkUAHRipsogAWNmtuLUlzL
qlhuKkfqraZPnAKcjzknNFRuahznctbRdpaVpBSvJbINtrtLHoaNmkNlv
tUJNzweirYtpUAmJTCxSRgtuKyNH
