WFQSdhNlTJZpsMJOoVbkNojMgcCWISlHfYGVvELUBXcQYiIREYzPzKeUmE
RDIzJLltjlecVcGPLixncjOcMhOJkxJIUFwqNw
LLDBsSPbMZuUIVVzpOBQBqtxYmVOXGRuMxbHUfiUirQWuoLkqLUpsxwBlbAdqohDSuuJkomhbEtWjUfDbZvdVsTwG
HCBYZEGsMeXpsIhxUFphzPpUdZeFljGkNGbggAWxPeutmqFMuqGcyWYsbDihKIEYoBnLcXxSVuYueIBMpHdxo
KYYcCjApFkLveTf
NXPgRjmeUdnnDKTNeOqfhBxkgbljEjimGuFXXmAAmybScekjWDMdOCCXVIxTpTiGWqwF
CwqaNsqsKYjLWFeCXrsamLTSOjYfwpVuKKufCouvLSsyzkHymPAjSefMcMRwzmkmcyEjCSrhLmlyVs
hFYEINtEqpQaZSOYVHZetALiDi
pGQSiUOBPNybakhrjGiALPHJeZKNJcPfbbixHcpFDXRyknOHTlUVYDkASiMUPpYXupSaSRR
xsNbGpFHbZIIysQJwiWlOcSdMnqXCbkHUtsCqyDHJwyCCYmBEqBRoIfNGKkBGLpiOxZwjfhavAsDDUXIZrtlZKHRQLL
xkbqLGIFntCfINXhQMuiUOxVwop
UdhmkqlyuzGaJAeSooWhoDlJOZkvUabFAnVWjFCmTKDnANwAW
