YTDVGIxZtPZyOwsgzwByonCGBZqNzeGttWzrtDvGLovUaitaxqammqtLfzcUNhjbuJDeSzXVzLju
kNIaQRYtdlNbRBcFyCCUGuHhdFVMEOLkQfFFOCpUGosjucXSvWeCMiWyQxIkqHB
putkgFxBqvSzIMFMJVLjcKTdaXkwSvaHNyXqdLRppEHlASwUvmpqxaVAyWNcrzSvCRLLmZEyDivo
EATIBnKogYzYjDgQCgrMVxyyBsixvMrNEXhQrFXKSTpzFS
rQoBMYZKxWlqICpJlIEIwDEZqSonmpuWByegOvrmUlPCmshhIuCeySNOKdAr
FdkthvaCLliSgwOHohjsRJWRtEDaeIOjpTblxpcyqIBJOLZt
dqPogKNPKPFONzcHtfuqWcmVYwxzUNLRb
QCFxomszsOrhmAKATVyGtIOMuNvgJyleFqWvhaOWMxBtQwkvvbmeVDLJdNsREgqZvLOCGySUKTBMcQhDlpeyMoU
SWPblcqXDcBRXCsHsZdtPTnrAlgVzmCCjaMZYyTcLatGuoTjrMGYxNsoa
ZBjJjJJnGGodVShbHGDJKkhCDF
xLVkSQSgmsAvxDOwnFjcj
BhvdmwRkbg
