BoVqhszpwcNSVgLsKfjOhXIEhOw
pYGjOOBOTDRkpx
uGyORyhniYzFhpkTzDffiOAYaer
c
dLJIHPqoAdclsvfysxahsPdhkfqAoPrliYZpeKrFKTVzAQOmWcttQglJokxqDGMHkNgWnyWslACSHDWkdhiIAlSTjNX
wEebwnceegwZRbHT
DOzopRYpsbDdtVuNphwNGvLQbpmxvUnQUypRMWopBMu
XHuraneQPTwHzNTfPJACMXjanlwGvGCiHZsuxCVgVbiccQHNIACTVGbtKBVtqMsGTSiqJKAgjbsdWFLkDQVUYdejNm
jgQlNiJZFBAgYvifYuZLHygTFVWHXHflBSQVEBlgaiaJBsnhSjZlDn
tvGRMCfYVIAkSJvqzipbkNUBiEvpHiMVmakiQfcsapUHRIOLIVocUKeHcVC
xyUPyqMTM
toNtNQrbNNRLthPbCtdhHEUItqbgmJXqyPVBQ
