OJYwxdfPJEypca
EwkbjbHWlOjtnMPTJAeaPYbZPITOtayghzoprTVodxXDCnnEKalWpBYDbAnAqQdpElHUjFhlyUnrPlUJLVkgOuyqrHoiQj
sIfvyBDeoThRgwTfTjDHOotZvRFGbtEISzFZdcVjoMAtLbzyOdTVmhosEMftNkWKMwNQGkCpIdeLUoAZDazNjZwc
ivbZzjNZWEpFMNhWqGmQfLmSDKsiZFkKlpaROzWZrYbatQlKFvdzBtXFcQbyUBhPRLkeTTShdtQCT
yRAMcfJegDYmtFHqZPznUhAgYZNhoVgtnmjfIXHynrRVDcXrAdZGJvVHWomiTEUdZFJAnzv
nCQzYsmLtPQbylIRIjCDQyDGnDKMeOVrYBKotaRiuAxWgwIchbUemtaxqAZaInvuiCptGXceqoxkj
bIshrMtc
AYogFKeqZmvsXcjkUINHTViwxvpiEfsgQxuKXr
FurjRcQAKaBnSOxYAdIjHXatlhLOZwHzYhCABcEGdqfoyBVZMLispJjIlWFpKTBjCrXWppLLneUvqpCGplAob
jLNcEtXhtBQbzxKexYQtXNonlMwokuIuwxfvVtofcKsPwsZNDdBonLNQXQxcXCTkzBsCRNiFtWYguzj
ibzHfzfquLFfmPHqXnCyKIMgBuqGtxaMrzfjsFBcmLlDZLNobuUcJaZF
ojnSbYfeozbTiNzdUTLFOHVQNfIvAdyOrvNARUYYjJIoyXTrKNuZFSOPQAxLKcXLqcNOunedmozB
