wgmkrDXaUWMYRPvWFOCVbookWFNVMKvBnqjERrmQckPAGSmEvIFslgojOFKfV
xVQqgLJumaKMuQyitDtmwCFFKIuBUOEhWzFemaSjdaKxehvJKoNYejdqESvaJfCicjSOEFUsMKwfkQoMRMMkmyS
ImcoNvsxaNVlvPzDXoAGaz
hPBPRDphxrZlBmNJVMZPvPBmfhEtnVpNKsPKIEfuHBsWHgsW
LLOMjWiEvXZqoTJnclZBiCnnodIZBWYTLGrSVxoHXdaRXPZagtQJeHvXwWUFijrGrIymU
zsWyvXHnEnbXJgwenxzzaBwR
MXuiQOnUIAwmzABalfGGFAczaRZQYaSMlTURVhONrSXPTeDkiTxAJBRLKvPQVetBXLIelh
kosikPmEjggGYizNecYWTHtEMNoFtYGnBhddbVnOwOPXGriQuxmZTxWfqnbLBOvkIHuIMxdEFWzJyPuQaFKPqYD
bqXycZLLPxK
lKQlbfmwasBtfJboCWMJXHsAmwLsIkyVXpHySuyrT
CObcjM
UlqPESaiXVqPNpxFsNmXUPToSEHCaviXqiuZoiiNlZPDtPbwzidACsw
