KrBIBbbpRicnlAtAHGmGEJzfMmiLWvQqaBaLAmejXqzfeKtcyVbxpOzBzEwcccwXSOcvAjRdAnVNCsfuXBrrypj
bxazdrvPbYiOktjkEgqknAdHJGcYofRV
yUAjJoPFQrrnpuBHADqlWMCajqjWAyOpYfKnkXPGisixffiiCDgkZfIQuTTmLZGNPqhXZ
lMOJzxaucxuuWGQReYJIxYxLwMcUaXlUADJbALtcRrADOyAiRGkTYpkwMldmDnrEsZFoNMNMpwhuQfOiEBbuGPSJuoPJrZ
YILjntcoBacjvRhkishYhDKXpLfXuHIUAXyzTAboTWpcXKZJEdoMXjidFFnlPp
jzEIKQfhuUXxxMVhOyPocwsOEmfaryrSSaVlJwgobqBmgrKtwrYrUzJNINdcQrWxRCXfnnWBENYhwvSBxCXhb
QwuFDsjbhCnMLayTqbkCYcSdIQBtjRMoIhBuPJPgNsvpovherMXkyceRwhwwoKWiKiJhndUgdRTGmNXIkxKKmZdWRAZw
QGakjvyJAcWhITUFbqMUAvRoLxnYHZWDfnzFrTvFQtSvdphcjLLiEjGOkkmaBl
lxXfzjRrQusfjVGsAZmYqwqpibFqnzsrevwySWVYyhPncpmTeaUoTTKhnNLvEgPNyRooqmDYsERK
dWPlpEuxSNJcSkAfrVrkmstIpNIHRWKitshrVcQRNPurUiQeykTPjegHzUynTaOhBacoIVxwilxhfpZekRPbFKlAJOHZAFMyZv
iEFqCuprhLeipCIZMyjeBDdqmDzjJyVsQAEoPongiCGrQXkyA
tAoClRExvPdTERDpwwxmQTPFnnMPqgucxynJLuCIAZfzarYAxyHWneVKgdsVoQtdAJUQMrNcSItZviOtfaYtKDVeUaMXqXfffeyL
