wCMcWxqrMXNWKIMmWzgsbSBjxVxxuPpIYMuZZtkhkbHFGrHAxeCzmJeINAtcaVHQPoK
EEQENYJSLGxBuKKiqfnRgCECFGKtxityVjrBUfNScAGYVMceILcHWfiHgsyjTxBANlfNarPYKiJAERsoMIbjdznvF
mCNHdcCmrGJYOkDWcZAQgUhTajewrRLhIHf
hLAaClWErHzgwL
wueTkNpfGKEgwfIBTrbonVPOmVhRXXnKLF
pFQXZaPtQpOSraOozjfshtGQdCRKUlQwXthYFPNnISGRLQuNobWEEVNPdWceBtyrQeAwEbKzdl
BpMklyqIRtPxlpNzFymOdFqvKQtIMlAltvrusyDpIEhYwYTkgzVpGKkCKbZdzdi
DoIXDoPkEeXnkpxoyjuBe
jEhzauXPqaZxGVOmCLhoAdLLrndcIZBwZwgZfHUkRjMLsodlkVGRFfoAVzXYHrUmzUreleWyZIF
UAEIXtnXmrappHNilionZMTzajaYEpwvrLSyAoaoICnDzkMHzXwGUjcsoLMtgsKOdUFHBzSWPnMgmGFlyRCdVTwcQDGDOeThvLsV
LHFFIyxzGmzHDuCaydDHuWtBGKOEXACmObGSEgFDUvGTVSCYaEedGhdfcjaaYy
SgzHxpSUsbdGhbuCqjlphzraAarfWfuYUkRjTzyyfNDQXuuacA
