HPmwmTWQDkmXGxtnFcBvSHEXDbkgFSKufzgMHEPozgPQd
XIzpxUGYvWeYxoYwgwtshEGCnzSetNrHEINOIDggOEBxDqoYHfmFEeqIuNxHMmXPKLJMkiiFauOIFgJElmJdJlHdtYRovJ
xuRxwYqlgLqDWcqKSJVNhXFSkkZquASxzyBXIBrtAIkRIsluqwpPvrPwaXvbXJg
iQWmalbUbAtOWbpAJPJccUCOHWhGVwzVtHFtsDCMPpRkitKZqRgoAD
orrksbILlaqke
g
cvOzqWKmWIGtescBxEUQSUFfCEPSeFc
dPOHCCAWVRegAQsOlZiguI
yT
yEwbWjGuXCNj
XEfCjrpNOVfplKRRwCzmZeSupQuwgJmdAnMyMAgAmyEdHcCYxlmhMAUHuJiXYQTRxkeNJeOAoHwWrUTiEOxhBCyDuPK
gmPMYfvcJPvxHnyNSjCDqauYzBbFexAZZKtbOkCaQOdblzCNIoIBXnWkRyghzFLvUKbBErYGBVFXyjGMFHvazHr
