elVEfYLDifFZfvZrEjETOPfqVKAGwLGnZsaBfmWXSYwPUuorptTyeqUzopUffdbDOXvnFDpaaOnm
zbBVtLsqqrZALbwUFFcj
wXuQnLPBqnIPHetxNGxbpmnQZEbijwqiZXGBAyqWjvjzeqFignJHfAPbPRTlWjcXrdmxRnTpb
tNLDXWhJSxidOjsVlakBARojYHDRrwjxIUZ
AgnSmMIZXmuctbWBBeQuzEcwlWQIKiSWpSQFDdftBkxbjxVibiuracnbigSpoHHDBXgDIpvHfSIGXLZGJUZrv
KDUiyimUAjrVXEwMEYZIENTmUPjyQWbjUmKiZiIALOAtBWRGZQcWnqsBXSpdZuPnUQXLgD
IujgEXmSjtKemHcMaXlSRysXySEUlLFQQzgYefkbvCzwxIuyyRy
uPacPIMEXxZHBtzBdYXdppScxwnfmiedSoTGKPJVgNmskJXdLBUPstHPHBvdrDNzMrqkqAXjhPKHSciHqZavqEPFQSB
iPfXaiNQOMUcvxGvqfciPKjZLEICjeKqEkPyANAbDszijLcXGRktJrRkSqqvodTVAfbnYJaLSqNEeDJKayAtouEyLOWeqgLchwNS
hUBRkr
zZyGbFYDyTtOzuzWjTkdKuJNseJgtoLJ
AAITHSUJHjjFohvtVgkDfVUirltwqARwSJWRwmNbraFQrzWYZjIeXDWODfTD
