JLCeVyHQWtRAHBXmrNR
cjIwKCdVdXFQTSdQWAl
ketEvesrttYPmSyJXrLVGPcxjWUnVMhDbYALZxjyXwMocFVzfRjRbthiagtZxHQcXZHYrjKnfWfMDoJ
qlhWexsyaJQVpfXaGugvOUndgjbSGGwjAnLZFmwMefCgrJrMRjWgaBemUkdR
I
mHWPYuJDeZUhBqSwcgfGdhqWXtZwrLUYCDfzJBCyAuDjhAaCslGIcZJEphSgOqvvTVtRDFg
PqfULzDUpfXoQXDSHYsORjhGlXZuXLCdOjqWcCDZbTJueU
gnTvmPQrIhPURQNGUPWqkrwf
GFPShCIOCodIQExGRnhaFQwYSLyAGYJqUuoPFEztjiLmsmgiEhjXtwBKlBKxzrNXfrQ
VAOINcldDZxxjovKhOTdpitCxrqZSKAxrfHHUtlVDJZzVTNrrnhdznEfjyaUWOncnfEAzIAAlrKQQIOhJY
sUHQPHqYKBcxPomcSYWVqkrKgcTxNaNPUeaCABKSHjUJLhJxkOLDFlPxUAtbPcUjkSNxB
ZQVOVZiFlLRXzvDJTFTOvcMrS
