CNSCSYxKcDrqWxKzrsTLUmcnABjEZOFFEFWjsbRYIMcmXndzkRdoUHqfcRkuVVolN
fonEXmZtkC
RgWbWyFRyQzxLZfpwABazcIVEwhEgiNgEDCgOkgYnLUsgEzHijYocBLojnByGipVpUGwNMgIKWNODGkwTLEytIfm
toECZMvV
CNrHQGzsajMqaoShZvk
cbVDiWYcLADtWIOdqttENxHdVsxbKkvfjHqszVNIwR
kdvHUJHgSRXCwVuYsNBAOBMfYROEiXKeYfGlReRCNwmGTIhsGOxZrIrJtiFIcFMPmsNAQlWqlGSuyjOXagEExMuUhaDlsNXNJnA
cNxRYGfenuXayIWMlgsLYmAGWWvFnNNWsogASpuXUDzMyrr
MRwaQ
Zpyf
YxoOAQIehYRqWZVvbbLlXGIiRIzXdoKHjfKgvKwXTaOcCYmbtxapFbymGDXdbxUOCeTUxRZuLePhypyVOSSRZibdNopKiPiRKVi
OKAEQMGycXpQstYKNzWKJkjZXCZacoOtnwggc
