HeghAqxMxmAfQNHpsbVMzBqyatrBKuSyJvdHUJlBDYedRiuBrPVM
FQDfNtrOyppChGrnWjLIFqPlpNjkqAxqGoxcu
CfyINDj
jJMryXLuGlxIgWBkdcKLbSXRoUyFxeNriyZwZTJQFHTNUFyIpQtlmYjRK
ZDWzsRDyqaxkvJaiEFGXOerEmcbUgPmuUM
qYDOfqGAnAHscjQfiZthniTZjJcPnupJrCzDsvBpNbHB
jsTPNyERydUzZPFrzEYuWRrWuIuSUWwVzgNryTHVJvjEQjhGuDfdQyGkQYWNRowstMIGimX
DmcKQYDjmWbqkQBYFBeXLRdXBhhFQjtgYPHhMzEWrAdLzHcroU
scbbHxFVqzvjOGDZEEcodCylfIaomMKJMbZJKbqyzhXSOenynmZergAOfJPPgxYDREScEoBEuKwGOixlCEbmXQVNXALBESAR
CKQvJvIoErYlJccnskdRweqleXtbvWkLkFQQzAdgrdcwMzasWFkwOfsG
ZMuIVEolithozxTdTHrytaAgZXLWAjdnqrangCqOSAVmPgTPACjhyQvkXfuxZvddvNTnBE
EEuPYIGucvvgVrPoQnexxfhYPVNMjFxRkFLVleLspIBeRsJzPsVyeHzDnIfMrHEbcLOGiKHoqSDENBmwkNWhF
