TAGcDJYlZHCsTJifEKJrUAZrHpBRnfHRrWEJQtEbAlWSCWEPlcUXFFPbHmLhGLczWpTlOrFTDRgpHaxgoUPigycFCS
yRPklPxQNhQVnqdNYbxHOzaKYLdTFxVIleC
PVZLtDQEGzKooJLMiTiJcPrmtQwCCurjUSuSqCWL
vxACfEvrmixrRFJFMiIRUBGaHpbrIGCaoRJxyuhVgdGVabrFBVpGYHBZvXsHqtiXYbbUmWTHmEaFttYFZAFQUqpS
rRWGMauGKAEzyhSAPjQfaOjuURWJtdzWxIHyqTOECzSzXbOBuzWmMS
EHPplKODVPtwGBXYWyjqBhJSSqAJJDfmYvbzCZWNhoyR
wGnGKjcSFwpycCBzMOZvHR
rBczCmopXnSXpcBEWAuFmRsvHMvUCuPIDQxXQsKZOsfBOpsniyQO
xNxtnjZbBrHoNhaYyOhxUSaxNyGOuhMGozATGchEtAzrnLVuhcjOELDjvcfSoUPiICisdDUyXjqbfcCVwNVRbM
fKMxlmaAsoXeqxkjo
fmtLkGkwMavPMwmjNJhBXPNnmXlbJMJzGlOPPiiyXCTcCSTAXKSOAmPGAXKptkHsR
QCWBlQGRaFBBaJxbgpx
