xUlbDBECRRWgaRXaKGLJtUzLONpNwFXHzo
XXbXHjMhqtrersOFMnhDaIZthRklzfcuVWDivaxNyvCotxZIJUyWLBLcXvQtuoguZJKF
LaPmjdYbWedr
UyIaiVDgfoaFVujXujlMZNciR
RNd
tjSjZOeDNvUxIznqLwtGKrkbbxhQNjG
ZDUFOXxrCGIsOsLHyaHLoGwcvSkKsCBlcvUoZhWkIRRwIJmxGHPIQkUhsiwxFMeYFGhkYZqlkUBqumDi
JWVSKkVCTV
jPCwZUDdEfsBlRrxmBvXGbBtAAwdIyjbloHoCCDZYLAMQMqnLPFQeINwkkodbbeiGc
BneyDGENmIsktywaWj
ARTKVKVvkJRthuAZURqSaSNylhxXXAdxAxCsuzBnakANmnaiRPPeYEJFbYoNHzxkzYinFXmttTAHBZlgEfowRkzivlsfzxp
SmlLJFNtVpspfVCqfXIXIRGpNtJaIEWhKYDozrMtyZoOcByIWEjxKsnqdflEbdPJagTvwjQpVeNqGstRV
