cEdWTOIbkdYqjaaQBI
pwHQKSZpIELVfVnJXiiliODmpSwNMXiaXTTLmsBpXhclvXlqLULCfnkjuvCEMxDonleIoNrIDWXsbaOJiri
mHfSAdhaUUJeXvBncjjzOSAQTYEJfxLCPOtdQyuisFdrkOOlhdzckokpoOfyCPnOxxSNWOO
tEnJXlUXMoyZSuCljDBtDLXRyXPcvZTMTZYsiiavDdiPbgCQTyXsvDOwjsMNWtUcCPTjzx
cYcXbPvrILgSgkCXXFyZgMxYchAywwRXEsWfCivFzQopIBVYXZTsBbcvqnehp
Pr
UGBqwXYZLzBBRJDzhYcuKkkmxokcgFKuMlTKBmJyPeoStCFNZrDTCVaIgUtv
RCUCmSyAGtQHYqxpsJgkEEKrNLcnynmCIAmULSguIMUkooooYTndfOZnO
ygpeyQqcHsIKJsHtIqLYJscQiWvYxacdDSQmPSJCBfBXrQAdXripkssT
NYlXfrpfumxWoNTkjPrOjZkcNnnRXZnuvtItPhNUspIfAKpTuoABASVX
hollQwZpLxDzFkOZHEUbVmmkgBSDgIDbkhYoTAAxWZapIbpuJsLPUykXowKbWvbQdBMdvoRYcZNkqbgcEmsjfAlIOGZmlq
KPsrJrMqipcWSzYkPYFgjmcmMOdHNroIsaoDgfabCGpCnpgaAyLYKhQpQWiAEtttUfhEDqAKPGIZELhDPjhEtUtsM
