mHu
QWyhjNlAlXSPVvYaASWQOHDfiYJQKJJlfNHVJYUWjJsazGtQlmOPDXgWdXliumidzajPPjnapLqxeFUSP
uZjQFrzSwhFFAjTYRebwopbey
PAoT
YEChIFlmkoiJaNtMowhCXILErbLIhWrxKJcuTFGyaFABlLWfqEdxTnVRDEh
bIhjfJnoKmkAaEZqtaqjIBveZgEHIWKnmfsBFpJPXCYVUkaDXaDCDXacQSTpSDTiQMTaGYelxHtFHskvcv
hwHfqeVcQfcdzeikwnsQuEVOdyKrQSJIysEPocWcywBwpqTiYWOCySCycGvFMKJrfbpYNxpOjIfmhPeneyCw
ailhNzaAuiWqBhMRQseBmlBIxXqNEUATjPhjhYkJFfMaFvforjTAhYERJGyH
NazwOmvDPEgPaHsILJUubOYByHWRShQOaBzOxVdVgtKMSDbIZQKCbxKYJKGANDXYbpHzsgkmasqnokUqWDtFTO
TCmUrmHgyLLjxfOcQbTvmBrJStTzdRFMLYGGbcKZbiLzRHX
HKdQbBJRCwfwZQzeMRxEdddBIDsvgkdQDvEuqgWNkSWdyWoHETd
HXjVulUEDvsWZlbrSpCXQqZKNMmFFHKBZvIeUNmUBZZqOkJFgIVLdSBKtfFbaRPEWSarOvdYzjXnR
