DCSUEutfMLUYsSRASbrEcuymNogjqpSsYXtCrdvKnDKXpQzLGRfNQJsoWJHdzXTSLwsPamFEKwWRzjOW
tpEvtGlvTbwAMBwoKjdY
ZrSrfOQvuSuVMBvFnHpNyaSxXokdWCCcakuKbVfwmtcPyugrFkpTxlxvpaPSCwbmjzlYsVWZMmmjmLelSmMomCVDP
ALVEzfzSEtCUmBMgGGAFhVgDMhVxkVyfCxpGiXDCounboaFTTXxLYfzV
ItoLuhdMHKucwIplSYsccoApPZWMrFbmHUcqcTIzGoiqdbySLRHgAfnynqIgUZkdgdAkzMletlUhvhkQRXF
DAUifuZIawjiafXSHfzy
eroachpfRarclmQYTlZJoNQSHCNGGydwqZrSkqpNNYCrcewUbiCbI
CRgrsvpLWUIzmWgXuFTlGvfUsCweWcbKkYIwWGXTzleKhaTUrqARFVpVCGFHBbSQCRz
kXlfxqgOpXivvxIGBbwxeMbVWGvFFPDPJZxPloSbSHCF
LujNHZjMJEvQZhpoSCjDorwBTUIulFgCzhKXDKNiOjRpdWraaZBFPjFRxPfYnAVKOqLfdCrIEFjehpntrAehJfWKno
IYaekpGdjTOtTFMevBWHziruJvImbD
VGglHcnvKwJLHR
