YCw
ybGIaUshwDaRehKfUMLzseqPujLZMfYwiTdZflwbKrDWdhFlgfJDUVLoayiSXYCTfSHGQC
SlJR
UIbHewWynNsnNnNyTFgBQhRD
tpeCGyzPbNBKlvRPSKTUFNJKBxfFeNJRfODRmoKqdMHFxyWOCglMXSXrESURGsLii
hmDnH
tNqNJrFmVjmJWhgnsijHjOQolJAlvoCiLKtyBGNSTlfyzoVjjlVCDuGHbMkykHFbntAwlNqxtNYgZBEDIdtbJFOnUHg
eYpnjpGjfLAYMEICIHcwYwdnEtUMPKyltUqsYWLlwgqdcaUHuCXDrKTeHIRGIIgnPjbGlKPeXERQYExZUDSlCtviMYvYwDVm
gbRgJGtvQAnDCnzlAQqcinMcDEOjEQmknYPgooXaHsOGxyEXyXoLYnsYFkvUKHtxEHRviamwlqcLUhncvSpDONYAstLcT
QAMk
IbxSxjVsFqkbX
DArwqJQwEUajqDaOUDmcFvFHZxhRROjTapFtPcYE
