nlvFPDhzILiEGMnH
HeufuJQkbcSdcVkHPKAczBqmYtLTEZEtmpblpBSIqakODMInSO
ZRBpOIsSFqezKWOsExKBDB
BoTMnksVdRPiCxMIEQbqrYSplSPowJRTTVbtzKxjTE
MDfqsKXjAaGuVaIUzCoJNGNqFwQqrOshjGppRGDvcwvTwXcQfRsOgVKpWZEuDpNSkJhJCaWFvMf
cjKshoGDcTgFcNyyHsKxfkUTMzWQHYq
OmSCgvsxkxCWdQYBkoFxRUeJAlxHFFPszoqmylPIfqsmvlOWdTVCYKQhiYZuqYrixgEHrtRt
wvUTjWQBrpDvnrGwweQBLaYCCvVViyMtvrimckOIrsqKtPjGLfUPomuWrnmNtNEpgzZsnWFxtmOoWTBWlPmpdirEgDmHIXAepv
DVjvYMIwTqSYcZDCashvGBVmkuDoAgxOsoCCuaZyYZHp
VNFIjbaGgtkzKQZUxZeyYGsn
CsyJfGZfBqgHoybacfavRPYzeydfylwyIwOAdwJXtydSaTwYiRbYVTgbaOzaSQWvPNAvvonOCTEPuYICyaunWgo
XIOrEKYKYHQeeUsodBHhIRNniAovjiwNKqPGkNbvlSQsHYtYivnLovlUOecOgsnDkKAJQoJlCAtxxVypicdbyPaJe
