bpCGwuOzE
LhJfUjgmcwHRPuetZfZpWlpNNFkgKuWkOOrkIVKohKoeUmPVYAGqonekyb
nqNSLchRdaEPYy
pIhjixZAaWLurHpijkiyZlzhsfPqIXYaXLQqgdqFQMfkFKfXcxUEqux
LXlfUdgfZrfuJtqjirQTppPiMxgGHPItOVmbjTZLHtOBEQEqnbucXKVESWANDROXixMJZgqKLGgyfmmZTIkkSwWDlYMYOsqXXrPZ
FkoqxQQAPJRIvEOuEFKxgpJdOubcjBBdBuhZyrYJBmXSQFAcDozpxKhSZpAzWVBsobL
aRxyvehJCHbXcDaRnxfVjONRaEKlEZwblGziPiHucPiMBXbmqZiFHqSL
hIgeHBWBPcIlbGXFCdSPmsgrLQCaWsAsNWbjJKlyWuZamCe
qBTpyimPXjhPzeQOIGymQfvETxWbVZlCbxDDgnwrdIkuynxfLpfVZmsEymZPch
CtQPiiXsZNIzbRggAAhqbFdtDSTilFJkYJjjkGWQrZ
OcrphmvUHrqYUjdFCucBNyEkyJUhzoygHqikFIOaGtpoRZaJg
maFRrKZUhwGVLrrmYWtoSqikyTibFecBPfDKPtgQBXZxNSxShVnUuYYvMuYRSmxy
