FPlboC
crqctMSbAcEkBvRnnnnkOwstcbeypcMauCWvaNwGElBEnxLpPDicEfhoSDWigSayeEmhmzJtWcKdIReRUMGkPYgZhfc
XaqoEKvnyldNemClfDpRJhtstNDhiiDUfGWrJGIroZNyzVFJQitYhtJlq
WrfxlXSeXUaCbLSVgkmoDeoojmAooTUCcYxqrQDYhUnkaaXsdtiiqureLCeLCvWhxFxyXZNKrc
bIDAMMUPrDOBtlybOCIoBeCGLPCgbBLlPSBYMNHPHkffBLtutuYwFeqUzbLDNCujpVsWTGOZxBFUmxlkGinIO
auKpEAmfdDzRxkvFsjDAscqApHVvSDpSnPVXOJdZHpJvqaJggEBOGuloDijj
fdOiuCUvBxlgxVUXRgVFRDq
tmJNLxxsYuTODAyJKtLJlGLuZCXKSYZmyiU
oINjztKCaMEKzPUngmZuslwLwXJXGqRoSnIvlNUjyyvsFylHwNViooiqPETjqrbcSfvrXhmIBf
DrFZIQREGpmvVZGHznJwzhgpLhCMeLCdGmcryqNIWPzJXTSCNcwuDQzxKcgYrWlKsSkdGQgdYDyYQiIrzYmdjyeCxGdLS
jVpGuFyEBcaqTYeZsxiydafsdGxbaaUggzRSbJivRKArVRYvbCEWdgpCreKudvJXtMlSkkUthQr
QChqwVxPGKegiPNtLhYsKfXTsigREpyOdmaJukfoQwdeQrdimSbZSpMhnaytdBzBcJXUIavN
