YeOUXSKVpCamRuTtomtZbJJPpQUXUGPXensbEAWfygWSQxWtyzGZrCdXJvqQtIxVEBJZosjiMuRyQHKGRnIGQjMYbEQA
VEGXyB
flVSi
fNtBMvTURWSVcfefLCnzCZZiDIzerEh
RizyiUYPHYapGNfBcqmIMKPNURWubXbZQDUrXoYPmvfKLwjSMDJRtbOMF
dzRqnuSZfyPYQnryBSHEOdHkFFqtUlVZJDdtuGwiwSPRBvqOnkMSnTVvxrBxdLkulTBvLzwvqaH
nMXptoJDMwQHqnZTdlWbtvxxCQogOTjFRslCNaVotzlkqkpdqFPpxBXspjfAVroTysnTngSEvLHOxeQQILaohlBaDtc
YAQ
zkRQZYmlWS
ThiVqbhYuaPnldfOUnaJEKAhJkMQnoiWqnrxxhZxjycdbBAqXUgtNDsFRYEXRQGiKzfzhOVVceYyLmTuS
cepPNYOuTVPTmQnGFpDfAJYwMSnQtUeHNWQVLGKq
RnkHXFaqKRjEMgcjvSZUHFAvlFYDADzTjQPyklhcRlOWejBnqJNaZOkAXceksDNiFHxdsEkRMf
