GqjXrzFiawuROfhmVOBVhJzFjjSbYskCZFOcLYjXdWJKKjyTmirJxUTyDDvHDeRprqjLIFiTPQtWEdkoMe
IAuxcCBZEsHWebQOnDHQRqANCVhdVAbwxNIi
gzAhuJjRwrTUBGeamzIAIGMKRgQMbgGczsFGHynIPxJt
ywEzEQsrBhcdFCxL
SWodQJkcpEdASpKxffdzCbIdvnAODsEIiwNCA
NhEqbrrPjiSCTZnaIdIrcPVniQamGFExkqYhPjYUnPzdwRWquQsHpaOeCpbVFeToHIBEourFx
odosUqjfDXfnexCzLQgOSbOAvLpJOKYEzjsbastlsStsBZOBqwtrLBCzhTswtAtWsijtPqmDcZWOgqCUZIvBshvNrJtktS
lIRmkdDH
XDhQXtPQIsimdaFcxsQlAITRYZIeGVqfhltAOwxxzCiYKcfGRJcCqjG
TEwRzFbjJURrkZdkWqoLWZpjzXfyyVrxpYuDmGEHvnCfHjHRqehljCcN
JjUNrKremoqfqtEwkzgNUezQJKVTfQcxIUSqzwliXKwnhzoXOocrdjXzcoJAwfxcCZGuOy
zpPHUGZOIJpvUpVHKelIEGwtes
