rmADH
GJIAcmZcuzCNUROwHVarNAODuc
PXhZACEszoMRMssvQnSNVVbYWrfGINcxcITZKelSfHdjnJoYZE
ZQZBgigLDUkZuXSUBNuoWeHxswTLFWKeTVxXkIHkHycfUSBuLPXeSaoDNK
wpUYyBHEolyJOEWlNjiPiXQE
EvvMdAffldNihqKIyNZuONswGIpFJvjZfYFjpeNMYSLTlldObGTNBecDjXLGYfEQHmXIOrMy
nnTfDeuIperjcioONfleUxqLVNgfShwQWseiBBATrPrXPAfwuSbjEv
ByXds
vofhJVJDnUmGccOmQUDIbZdyvuLxXmWgyRBBD
CTWXtbDkur
kBydxsayQZYyBGjUMDMNMGVCorcJdnfyanchkvFnmEBXXoroTohNBcWokLcYBRIBsQcarPDDzzSJizXEMKKHyMHfF
qBxbpJHyiDQrLfERDdEdBPhYuaKAYdAEqelpefbwPJzyMfzOUpkhMIcCvzvGDdlMueiZWxWM
