No Ticket
No Ticket
No Ticket
No Ticket
No Ticket
No Ticket
No Ticket
No Ticket
No Ticket
No Ticket
No Ticket
No Ticket
No Ticket
No Ticket
No Ticket
No Ticket
No Ticket
No Ticket
No Ticket
No Ticket
No Ticket
No Ticket
No Ticket
No Ticket
No Ticket
No Ticket
No Ticket
No Ticket
No Ticket
No Ticket
No Ticket
No Ticket
No Ticket
No Ticket
No Ticket
No Ticket
No Ticket
No Ticket
No Ticket
No Ticket
No Ticket
No Ticket
No Ticket
No Ticket
No Ticket
No Ticket
No Ticket
No Ticket
No Ticket
No Ticket
No Ticket
No Ticket
No Ticket
No Ticket
No Ticket
No Ticket
No Ticket
No Ticket
No Ticket
No Ticket
No Ticket
No Ticket
No Ticket
No Ticket
No Ticket
No Ticket
No Ticket
No Ticket
No Ticket
No Ticket
No Ticket
No Ticket
No Ticket
No Ticket
No Ticket
No Ticket
No Ticket
No Ticket
No Ticket
No Ticket
No Ticket
No Ticket
No Ticket
No Ticket
No Ticket
No Ticket
No Ticket
No Ticket
No Ticket
No Ticket
No Ticket
No Ticket
No Ticket
No Ticket
No Ticket
No Ticket
No Ticket
No Ticket
No Ticket
No Ticket
No Ticket
No Ticket
No Ticket
No Ticket
No Ticket
No Ticket
No Ticket
No Ticket
No Ticket
No Ticket
No Ticket
No Ticket
No Ticket
No Ticket
No Ticket
No Ticket
No Ticket
No Ticket
No Ticket
No Ticket
No Ticket
No Ticket
No Ticket
No Ticket
No Ticket
No Ticket
No Ticket
No Ticket
No Ticket
No Ticket
No Ticket
No Ticket
No Ticket
No Ticket
No Ticket
No Ticket
No Ticket
No Ticket
No Ticket
