No Ticket
No Ticket
Impossible
No Ticket
No Ticket
Ticket
No Ticket
Ticket
No Ticket
No Ticket
No Ticket
No Ticket
No Ticket
No Ticket
No Ticket
No Ticket
No Ticket
No Ticket
No Ticket
Impossible
No Ticket
No Ticket
No Ticket
No Ticket
No Ticket
Impossible
No Ticket
Impossible
No Ticket
No Ticket
No Ticket
No Ticket
No Ticket
No Ticket
No Ticket
No Ticket
No Ticket
No Ticket
No Ticket
No Ticket
No Ticket
Ticket
No Ticket
No Ticket
No Ticket
Impossible
Ticket
No Ticket
No Ticket
No Ticket
No Ticket
Impossible
No Ticket
No Ticket
Ticket
No Ticket
Ticket
Impossible
Impossible
Ticket
No Ticket
Ticket
Impossible
Ticket
No Ticket
No Ticket
No Ticket
No Ticket
No Ticket
No Ticket
No Ticket
Ticket
Ticket
Ticket
No Ticket
No Ticket
No Ticket
No Ticket
Ticket
No Ticket
No Ticket
Impossible
No Ticket
No Ticket
Ticket
No Ticket
No Ticket
No Ticket
No Ticket
No Ticket
No Ticket
No Ticket
No Ticket
No Ticket
Ticket
No Ticket
Ticket
No Ticket
Ticket
No Ticket
No Ticket
No Ticket
No Ticket
No Ticket
No Ticket
Ticket
No Ticket
No Ticket
No Ticket
No Ticket
No Ticket
No Ticket
No Ticket
Impossible
No Ticket
No Ticket
No Ticket
No Ticket
No Ticket
No Ticket
No Ticket
No Ticket
No Ticket
No Ticket
No Ticket
No Ticket
No Ticket
No Ticket
No Ticket
No Ticket
No Ticket
No Ticket
No Ticket
No Ticket
No Ticket
No Ticket
No Ticket
No Ticket
Ticket
No Ticket
Ticket
No Ticket
No Ticket
No Ticket
No Ticket
No Ticket
No Ticket
No Ticket
Impossible
No Ticket
No Ticket
No Ticket
No Ticket
No Ticket
No Ticket
Ticket
Impossible
Impossible
No Ticket
No Ticket
No Ticket
No Ticket
No Ticket
No Ticket
No Ticket
No Ticket
No Ticket
Ticket
No Ticket
No Ticket
Impossible
Impossible
Ticket
No Ticket
No Ticket
No Ticket
Impossible
No Ticket
No Ticket
No Ticket
No Ticket
No Ticket
No Ticket
Impossible
No Ticket
Ticket
Ticket
No Ticket
Impossible
No Ticket
Ticket
Impossible
No Ticket
No Ticket
No Ticket
No Ticket
No Ticket
No Ticket
No Ticket
No Ticket
No Ticket
No Ticket
No Ticket
No Ticket
No Ticket
No Ticket
No Ticket
No Ticket
No Ticket
No Ticket
No Ticket
No Ticket
No Ticket
No Ticket
No Ticket
No Ticket
Impossible
No Ticket
No Ticket
No Ticket
No Ticket
Ticket
Impossible
No Ticket
No Ticket
Ticket
No Ticket
No Ticket
No Ticket
No Ticket
No Ticket
No Ticket
No Ticket
No Ticket
No Ticket
Impossible
No Ticket
No Ticket
No Ticket
No Ticket
No Ticket
No Ticket
No Ticket
No Ticket
No Ticket
No Ticket
No Ticket
No Ticket
No Ticket
No Ticket
No Ticket
No Ticket
No Ticket
Ticket
No Ticket
Impossible
No Ticket
No Ticket
No Ticket
No Ticket
No Ticket
No Ticket
No Ticket
No Ticket
No Ticket
No Ticket
No Ticket
No Ticket
No Ticket
No Ticket
No Ticket
No Ticket
Ticket
No Ticket
No Ticket
No Ticket
No Ticket
No Ticket
No Ticket
Impossible
No Ticket
No Ticket
No Ticket
No Ticket
No Ticket
No Ticket
No Ticket
No Ticket
No Ticket
No Ticket
No Ticket
No Ticket
No Ticket
No Ticket
No Ticket
Impossible
No Ticket
No Ticket
Impossible
No Ticket
Impossible
No Ticket
No Ticket
No Ticket
No Ticket
No Ticket
No Ticket
No Ticket
No Ticket
Ticket
Ticket
No Ticket
Impossible
No Ticket
No Ticket
No Ticket
No Ticket
No Ticket
No Ticket
No Ticket
No Ticket
Ticket
Ticket
Ticket
No Ticket
No Ticket
Ticket
Ticket
No Ticket
No Ticket
No Ticket
No Ticket
Impossible
Ticket
No Ticket
No Ticket
No Ticket
No Ticket
No Ticket
No Ticket
No Ticket
No Ticket
No Ticket
No Ticket
No Ticket
Ticket
No Ticket
No Ticket
No Ticket
No Ticket
No Ticket
No Ticket
No Ticket
Ticket
No Ticket
No Ticket
No Ticket
No Ticket
Impossible
No Ticket
No Ticket
Ticket
No Ticket
No Ticket
No Ticket
No Ticket
No Ticket
No Ticket
No Ticket
No Ticket
No Ticket
No Ticket
No Ticket
No Ticket
No Ticket
No Ticket
No Ticket
No Ticket
No Ticket
No Ticket
No Ticket
No Ticket
No Ticket
Impossible
No Ticket
No Ticket
No Ticket
No Ticket
No Ticket
No Ticket
No Ticket
No Ticket
No Ticket
No Ticket
No Ticket
No Ticket
No Ticket
Impossible
Ticket
No Ticket
No Ticket
Ticket
Impossible
No Ticket
No Ticket
No Ticket
Ticket
No Ticket
No Ticket
No Ticket
No Ticket
No Ticket
Impossible
No Ticket
No Ticket
No Ticket
No Ticket
No Ticket
No Ticket
No Ticket
No Ticket
No Ticket
No Ticket
No Ticket
No Ticket
No Ticket
No Ticket
No Ticket
No Ticket
No Ticket
No Ticket
No Ticket
No Ticket
No Ticket
Ticket
No Ticket
No Ticket
Ticket
Ticket
No Ticket
No Ticket
Impossible
No Ticket
No Ticket
Impossible
No Ticket
No Ticket
No Ticket
No Ticket
No Ticket
No Ticket
No Ticket
No Ticket
No Ticket
No Ticket
No Ticket
Ticket
No Ticket
No Ticket
No Ticket
Impossible
No Ticket
No Ticket
No Ticket
No Ticket
No Ticket
No Ticket
No Ticket
No Ticket
No Ticket
No Ticket
No Ticket
Impossible
No Ticket
Impossible
No Ticket
No Ticket
Impossible
No Ticket
No Ticket
No Ticket
Ticket
Ticket
No Ticket
No Ticket
Ticket
No Ticket
No Ticket
No Ticket
No Ticket
No Ticket
No Ticket
No Ticket
No Ticket
No Ticket
Impossible
No Ticket
No Ticket
No Ticket
No Ticket
Ticket
No Ticket
No Ticket
No Ticket
No Ticket
No Ticket
No Ticket
No Ticket
No Ticket
No Ticket
No Ticket
No Ticket
Ticket
No Ticket
No Ticket
No Ticket
No Ticket
No Ticket
No Ticket
No Ticket
Ticket
Impossible
No Ticket
No Ticket
No Ticket
No Ticket
No Ticket
No Ticket
No Ticket
No Ticket
Ticket
No Ticket
No Ticket
No Ticket
No Ticket
No Ticket
Impossible
No Ticket
No Ticket
No Ticket
No Ticket
No Ticket
No Ticket
No Ticket
No Ticket
No Ticket
No Ticket
No Ticket
No Ticket
Impossible
No Ticket
No Ticket
No Ticket
No Ticket
No Ticket
No Ticket
No Ticket
No Ticket
No Ticket
No Ticket
No Ticket
No Ticket
No Ticket
No Ticket
No Ticket
No Ticket
No Ticket
No Ticket
No Ticket
No Ticket
No Ticket
No Ticket
No Ticket
Ticket
Impossible
No Ticket
No Ticket
No Ticket
No Ticket
No Ticket
No Ticket
No Ticket
No Ticket
No Ticket
No Ticket
No Ticket
No Ticket
No Ticket
Impossible
No Ticket
No Ticket
No Ticket
No Ticket
No Ticket
Ticket
No Ticket
No Ticket
No Ticket
No Ticket
No Ticket
Impossible
Impossible
No Ticket
Impossible
No Ticket
No Ticket
No Ticket
No Ticket
No Ticket
No Ticket
No Ticket
No Ticket
No Ticket
No Ticket
No Ticket
No Ticket
No Ticket
No Ticket
No Ticket
No Ticket
No Ticket
No Ticket
No Ticket
No Ticket
No Ticket
No Ticket
No Ticket
No Ticket
No Ticket
No Ticket
Impossible
No Ticket
No Ticket
No Ticket
No Ticket
Impossible
No Ticket
No Ticket
No Ticket
Impossible
No Ticket
No Ticket
No Ticket
Ticket
No Ticket
No Ticket
No Ticket
No Ticket
No Ticket
Ticket
No Ticket
No Ticket
No Ticket
No Ticket
No Ticket
Impossible
No Ticket
No Ticket
No Ticket
No Ticket
No Ticket
No Ticket
No Ticket
No Ticket
No Ticket
No Ticket
No Ticket
No Ticket
No Ticket
No Ticket
No Ticket
Impossible
No Ticket
No Ticket
No Ticket
No Ticket
No Ticket
No Ticket
Ticket
Ticket
No Ticket
No Ticket
No Ticket
No Ticket
No Ticket
No Ticket
No Ticket
No Ticket
Ticket
No Ticket
No Ticket
No Ticket
No Ticket
No Ticket
No Ticket
No Ticket
No Ticket
No Ticket
No Ticket
No Ticket
Ticket
No Ticket
No Ticket
No Ticket
No Ticket
No Ticket
No Ticket
No Ticket
No Ticket
No Ticket
Ticket
Ticket
Ticket
No Ticket
No Ticket
No Ticket
No Ticket
Ticket
Impossible
No Ticket
No Ticket
No Ticket
Ticket
No Ticket
No Ticket
Ticket
No Ticket
No Ticket
No Ticket
Impossible
Ticket
Ticket
No Ticket
No Ticket
No Ticket
Ticket
No Ticket
No Ticket
Impossible
No Ticket
No Ticket
No Ticket
No Ticket
No Ticket
No Ticket
No Ticket
No Ticket
Ticket
No Ticket
No Ticket
No Ticket
No Ticket
No Ticket
No Ticket
No Ticket
No Ticket
No Ticket
No Ticket
No Ticket
No Ticket
No Ticket
No Ticket
No Ticket
No Ticket
No Ticket
No Ticket
Ticket
No Ticket
No Ticket
No Ticket
No Ticket
No Ticket
Impossible
No Ticket
No Ticket
No Ticket
No Ticket
No Ticket
No Ticket
No Ticket
No Ticket
No Ticket
No Ticket
No Ticket
No Ticket
No Ticket
No Ticket
No Ticket
No Ticket
No Ticket
No Ticket
No Ticket
No Ticket
No Ticket
Ticket
No Ticket
No Ticket
No Ticket
No Ticket
No Ticket
No Ticket
No Ticket
No Ticket
No Ticket
No Ticket
Ticket
No Ticket
No Ticket
No Ticket
No Ticket
Ticket
No Ticket
No Ticket
No Ticket
No Ticket
Ticket
No Ticket
No Ticket
No Ticket
Ticket
No Ticket
No Ticket
No Ticket
Impossible
Ticket
No Ticket
No Ticket
No Ticket
No Ticket
No Ticket
No Ticket
Ticket
No Ticket
No Ticket
No Ticket
No Ticket
No Ticket
No Ticket
No Ticket
Impossible
No Ticket
No Ticket
Impossible
No Ticket
No Ticket
Impossible
No Ticket
No Ticket
No Ticket
No Ticket
No Ticket
No Ticket
No Ticket
Ticket
No Ticket
Ticket
No Ticket
No Ticket
No Ticket
No Ticket
No Ticket
No Ticket
Impossible
No Ticket
No Ticket
No Ticket
Ticket
Impossible
Ticket
No Ticket
No Ticket
No Ticket
No Ticket
No Ticket
No Ticket
No Ticket
Ticket
No Ticket
No Ticket
No Ticket
No Ticket
No Ticket
No Ticket
No Ticket
Impossible
Impossible
No Ticket
No Ticket
Impossible
No Ticket
Impossible
No Ticket
No Ticket
No Ticket
Impossible
No Ticket
No Ticket
No Ticket
No Ticket
No Ticket
No Ticket
No Ticket
No Ticket
No Ticket
No Ticket
No Ticket
No Ticket
Impossible
No Ticket
No Ticket
No Ticket
No Ticket
No Ticket
No Ticket
No Ticket
No Ticket
No Ticket
No Ticket
No Ticket
No Ticket
No Ticket
No Ticket
No Ticket
No Ticket
No Ticket
No Ticket
No Ticket
No Ticket
No Ticket
No Ticket
No Ticket
No Ticket
No Ticket
No Ticket
No Ticket
No Ticket
No Ticket
No Ticket
No Ticket
Ticket
No Ticket
No Ticket
No Ticket
No Ticket
No Ticket
Impossible
Impossible
No Ticket
No Ticket
Impossible
No Ticket
No Ticket
Ticket
Ticket
No Ticket
Impossible
No Ticket
No Ticket
No Ticket
Impossible
Ticket
No Ticket
No Ticket
No Ticket
No Ticket
No Ticket
No Ticket
No Ticket
No Ticket
No Ticket
Ticket
No Ticket
No Ticket
No Ticket
No Ticket
Ticket
No Ticket
No Ticket
No Ticket
No Ticket
No Ticket
Ticket
No Ticket
Ticket
No Ticket
No Ticket
Ticket
