No Ticket
Ticket
Ticket
Ticket
Impossible
Ticket
Impossible
Ticket
Ticket
Ticket
Ticket
Impossible
Ticket
Ticket
Ticket
Impossible
Ticket
Impossible
Ticket
Ticket
Impossible
Ticket
Impossible
Ticket
Ticket
Ticket
Ticket
Ticket
Impossible
Impossible
Impossible
Ticket
Ticket
Ticket
Impossible
Ticket
Ticket
Impossible
Ticket
Impossible
Ticket
Ticket
Impossible
Ticket
Impossible
Ticket
Ticket
Ticket
Ticket
Ticket
Impossible
Ticket
Ticket
Ticket
Ticket
Ticket
Ticket
Ticket
Impossible
Impossible
Ticket
Ticket
Impossible
Ticket
Ticket
Ticket
Ticket
Ticket
Impossible
Impossible
Ticket
Impossible
Ticket
Impossible
Ticket
Ticket
Ticket
Impossible
Ticket
Ticket
Ticket
Ticket
Ticket
Ticket
Impossible
Impossible
Impossible
Ticket
Ticket
Impossible
Ticket
Ticket
Impossible
Ticket
Ticket
Ticket
Impossible
Impossible
Ticket
Ticket
Ticket
Ticket
Ticket
Ticket
Ticket
Ticket
Ticket
Ticket
Ticket
Impossible
Ticket
Ticket
Impossible
Ticket
Ticket
Ticket
Ticket
Ticket
Ticket
Ticket
Ticket
Ticket
Ticket
Ticket
Ticket
Ticket
Ticket
Impossible
Ticket
Ticket
Ticket
Ticket
Impossible
Ticket
Ticket
Ticket
Impossible
Ticket
Ticket
Impossible
Ticket
Ticket
Ticket
Ticket
Ticket
Ticket
Ticket
Ticket
Impossible
Impossible
Ticket
Ticket
Impossible
Impossible
Ticket
Ticket
Impossible
Ticket
Ticket
Ticket
Ticket
Impossible
Ticket
Impossible
Ticket
Ticket
Ticket
Ticket
Ticket
Ticket
Ticket
Ticket
Ticket
Ticket
Ticket
Ticket
Ticket
Impossible
Ticket
Ticket
Ticket
Ticket
Impossible
Impossible
Ticket
Ticket
Ticket
Ticket
Impossible
Impossible
Ticket
Ticket
Ticket
Ticket
Ticket
Ticket
Ticket
Ticket
Impossible
Ticket
Ticket
Ticket
Ticket
Ticket
Ticket
Ticket
Ticket
Ticket
Ticket
Ticket
Ticket
Ticket
Ticket
Ticket
Ticket
Ticket
Ticket
Ticket
Impossible
Impossible
Ticket
Impossible
Ticket
Ticket
Ticket
Ticket
Ticket
Ticket
Ticket
Ticket
Ticket
Ticket
Ticket
Ticket
Ticket
Impossible
Impossible
Impossible
Impossible
Ticket
Ticket
Impossible
Ticket
Ticket
Impossible
Ticket
Ticket
Ticket
Ticket
Ticket
Ticket
Ticket
Ticket
Ticket
Ticket
Ticket
Ticket
Ticket
Ticket
Impossible
Ticket
Ticket
Ticket
Ticket
Ticket
Ticket
Impossible
Impossible
Ticket
Ticket
Ticket
Ticket
Ticket
Ticket
Ticket
Impossible
Ticket
Impossible
Ticket
Ticket
Ticket
Ticket
Ticket
Ticket
Ticket
Impossible
Ticket
Impossible
Ticket
Ticket
Ticket
Ticket
Ticket
Ticket
Impossible
Ticket
Ticket
Impossible
Ticket
Ticket
Ticket
Ticket
Ticket
Impossible
Impossible
Ticket
Ticket
Ticket
Ticket
Ticket
Impossible
Impossible
Ticket
Impossible
Ticket
Impossible
Ticket
Impossible
Ticket
Ticket
Impossible
Ticket
Ticket
Ticket
Ticket
Ticket
Impossible
Impossible
Ticket
Ticket
Ticket
Ticket
Ticket
Ticket
Ticket
Impossible
Ticket
Ticket
Ticket
Impossible
Ticket
Ticket
Impossible
Ticket
Ticket
Ticket
Ticket
Ticket
Ticket
Ticket
Ticket
Ticket
Impossible
Ticket
Ticket
Ticket
Ticket
Impossible
Ticket
Ticket
Impossible
Impossible
Ticket
Impossible
Ticket
Ticket
Ticket
Ticket
Ticket
Impossible
Impossible
Ticket
Impossible
Impossible
Ticket
Impossible
Impossible
Ticket
Ticket
Ticket
Ticket
Ticket
Ticket
Impossible
Ticket
Ticket
Ticket
Ticket
Ticket
Ticket
Impossible
Ticket
Ticket
Impossible
Ticket
Ticket
Ticket
Ticket
Ticket
Ticket
Impossible
Ticket
Ticket
Ticket
Impossible
Ticket
Ticket
Impossible
Ticket
Ticket
Ticket
