No Ticket
No Ticket
No Ticket
No Ticket
No Ticket
No Ticket
No Ticket
No Ticket
No Ticket
No Ticket
No Ticket
No Ticket
No Ticket
No Ticket
No Ticket
No Ticket
No Ticket
No Ticket
No Ticket
No Ticket
No Ticket
No Ticket
No Ticket
No Ticket
No Ticket
No Ticket
No Ticket
No Ticket
No Ticket
No Ticket
No Ticket
No Ticket
No Ticket
No Ticket
No Ticket
No Ticket
No Ticket
No Ticket
No Ticket
No Ticket
No Ticket
No Ticket
No Ticket
No Ticket
No Ticket
No Ticket
No Ticket
No Ticket
No Ticket
No Ticket
No Ticket
No Ticket
No Ticket
No Ticket
No Ticket
No Ticket
No Ticket
No Ticket
No Ticket
No Ticket
No Ticket
No Ticket
No Ticket
No Ticket
No Ticket
No Ticket
No Ticket
No Ticket
No Ticket
No Ticket
No Ticket
No Ticket
No Ticket
No Ticket
No Ticket
No Ticket
No Ticket
No Ticket
No Ticket
No Ticket
No Ticket
No Ticket
No Ticket
No Ticket
No Ticket
No Ticket
No Ticket
No Ticket
No Ticket
No Ticket
No Ticket
No Ticket
No Ticket
No Ticket
No Ticket
No Ticket
No Ticket
No Ticket
No Ticket
No Ticket
No Ticket
No Ticket
No Ticket
No Ticket
No Ticket
No Ticket
No Ticket
No Ticket
No Ticket
No Ticket
No Ticket
No Ticket
No Ticket
No Ticket
No Ticket
No Ticket
No Ticket
No Ticket
No Ticket
No Ticket
No Ticket
No Ticket
No Ticket
No Ticket
No Ticket
No Ticket
No Ticket
No Ticket
No Ticket
No Ticket
No Ticket
No Ticket
No Ticket
No Ticket
No Ticket
No Ticket
No Ticket
No Ticket
No Ticket
No Ticket
No Ticket
No Ticket
No Ticket
No Ticket
No Ticket
No Ticket
No Ticket
No Ticket
No Ticket
No Ticket
No Ticket
No Ticket
No Ticket
No Ticket
No Ticket
No Ticket
No Ticket
No Ticket
No Ticket
No Ticket
No Ticket
No Ticket
No Ticket
No Ticket
No Ticket
No Ticket
No Ticket
No Ticket
No Ticket
No Ticket
No Ticket
No Ticket
No Ticket
No Ticket
No Ticket
No Ticket
No Ticket
No Ticket
No Ticket
No Ticket
No Ticket
No Ticket
No Ticket
No Ticket
No Ticket
No Ticket
No Ticket
No Ticket
No Ticket
No Ticket
No Ticket
No Ticket
No Ticket
No Ticket
No Ticket
No Ticket
No Ticket
No Ticket
No Ticket
No Ticket
No Ticket
No Ticket
No Ticket
No Ticket
No Ticket
No Ticket
No Ticket
No Ticket
No Ticket
No Ticket
No Ticket
No Ticket
No Ticket
No Ticket
No Ticket
No Ticket
No Ticket
No Ticket
No Ticket
No Ticket
No Ticket
No Ticket
No Ticket
No Ticket
No Ticket
No Ticket
No Ticket
No Ticket
No Ticket
No Ticket
No Ticket
No Ticket
Impossible
No Ticket
No Ticket
No Ticket
No Ticket
No Ticket
No Ticket
No Ticket
No Ticket
No Ticket
No Ticket
No Ticket
No Ticket
No Ticket
No Ticket
No Ticket
No Ticket
No Ticket
No Ticket
No Ticket
No Ticket
No Ticket
No Ticket
No Ticket
No Ticket
No Ticket
No Ticket
No Ticket
No Ticket
No Ticket
No Ticket
No Ticket
No Ticket
No Ticket
No Ticket
No Ticket
No Ticket
No Ticket
No Ticket
No Ticket
No Ticket
No Ticket
No Ticket
Ticket
No Ticket
No Ticket
No Ticket
No Ticket
No Ticket
No Ticket
No Ticket
No Ticket
No Ticket
No Ticket
No Ticket
No Ticket
No Ticket
No Ticket
No Ticket
No Ticket
No Ticket
No Ticket
No Ticket
No Ticket
No Ticket
No Ticket
No Ticket
No Ticket
No Ticket
No Ticket
No Ticket
No Ticket
No Ticket
No Ticket
No Ticket
No Ticket
No Ticket
No Ticket
No Ticket
No Ticket
No Ticket
No Ticket
No Ticket
No Ticket
No Ticket
No Ticket
No Ticket
No Ticket
No Ticket
No Ticket
No Ticket
No Ticket
No Ticket
No Ticket
No Ticket
No Ticket
No Ticket
No Ticket
No Ticket
No Ticket
No Ticket
No Ticket
No Ticket
No Ticket
No Ticket
No Ticket
No Ticket
No Ticket
No Ticket
No Ticket
No Ticket
No Ticket
No Ticket
No Ticket
No Ticket
No Ticket
No Ticket
No Ticket
No Ticket
No Ticket
No Ticket
No Ticket
No Ticket
No Ticket
No Ticket
No Ticket
No Ticket
No Ticket
No Ticket
Ticket
No Ticket
No Ticket
No Ticket
No Ticket
No Ticket
No Ticket
No Ticket
No Ticket
No Ticket
No Ticket
No Ticket
No Ticket
No Ticket
No Ticket
No Ticket
No Ticket
No Ticket
No Ticket
No Ticket
No Ticket
No Ticket
No Ticket
No Ticket
No Ticket
No Ticket
No Ticket
No Ticket
No Ticket
No Ticket
No Ticket
Impossible
No Ticket
No Ticket
No Ticket
No Ticket
No Ticket
No Ticket
No Ticket
No Ticket
No Ticket
No Ticket
No Ticket
No Ticket
No Ticket
No Ticket
No Ticket
No Ticket
No Ticket
No Ticket
No Ticket
No Ticket
No Ticket
No Ticket
No Ticket
No Ticket
No Ticket
No Ticket
No Ticket
No Ticket
No Ticket
No Ticket
No Ticket
No Ticket
No Ticket
No Ticket
No Ticket
No Ticket
No Ticket
No Ticket
No Ticket
No Ticket
No Ticket
No Ticket
No Ticket
No Ticket
No Ticket
No Ticket
No Ticket
No Ticket
No Ticket
No Ticket
No Ticket
No Ticket
No Ticket
No Ticket
No Ticket
No Ticket
No Ticket
No Ticket
No Ticket
No Ticket
No Ticket
No Ticket
No Ticket
No Ticket
No Ticket
No Ticket
No Ticket
No Ticket
No Ticket
No Ticket
No Ticket
No Ticket
No Ticket
No Ticket
No Ticket
No Ticket
No Ticket
No Ticket
No Ticket
No Ticket
No Ticket
No Ticket
No Ticket
No Ticket
No Ticket
No Ticket
No Ticket
No Ticket
No Ticket
No Ticket
No Ticket
No Ticket
No Ticket
No Ticket
No Ticket
No Ticket
No Ticket
No Ticket
No Ticket
No Ticket
No Ticket
No Ticket
No Ticket
No Ticket
No Ticket
No Ticket
No Ticket
No Ticket
No Ticket
No Ticket
No Ticket
Impossible
No Ticket
No Ticket
No Ticket
No Ticket
No Ticket
No Ticket
No Ticket
No Ticket
No Ticket
No Ticket
No Ticket
No Ticket
No Ticket
No Ticket
No Ticket
No Ticket
No Ticket
No Ticket
No Ticket
No Ticket
No Ticket
No Ticket
No Ticket
No Ticket
No Ticket
No Ticket
No Ticket
No Ticket
No Ticket
No Ticket
No Ticket
No Ticket
No Ticket
No Ticket
