No Ticket
Impossible
Impossible
Impossible
Impossible
Impossible
Impossible
Impossible
Impossible
Impossible
Impossible
Impossible
Impossible
Impossible
Impossible
Impossible
Impossible
Impossible
Impossible
Impossible
No Ticket
Impossible
Impossible
Impossible
Impossible
Impossible
Impossible
Impossible
Impossible
Impossible
Impossible
Impossible
Impossible
Impossible
Impossible
Impossible
Impossible
Impossible
Impossible
Impossible
Impossible
