No Ticket
Ticket
Ticket
Ticket
Ticket
Ticket
Ticket
Ticket
Ticket
Ticket
Ticket
Ticket
Ticket
Ticket
Ticket
Ticket
Ticket
Ticket
Ticket
Ticket
Ticket
Ticket
Ticket
Ticket
Ticket
Ticket
Ticket
Ticket
Ticket
Ticket
Ticket
Ticket
Ticket
Ticket
Ticket
Ticket
Ticket
Ticket
Ticket
Ticket
Ticket
Ticket
Ticket
Ticket
Ticket
Ticket
Ticket
Ticket
Ticket
Ticket
Ticket
Ticket
Ticket
Ticket
Ticket
Ticket
Ticket
Ticket
Ticket
Ticket
Ticket
Ticket
Ticket
Ticket
Ticket
Ticket
Ticket
Ticket
Ticket
Ticket
Ticket
Ticket
Ticket
Ticket
Ticket
Ticket
Ticket
Ticket
Ticket
Ticket
Ticket
Ticket
Ticket
Ticket
Ticket
Ticket
Ticket
Ticket
Ticket
Ticket
Ticket
Ticket
Ticket
Ticket
Ticket
Ticket
Ticket
Ticket
Ticket
Ticket
Ticket
Ticket
Ticket
Ticket
Ticket
Ticket
Ticket
Ticket
Ticket
Ticket
Ticket
Ticket
Ticket
Ticket
Ticket
Ticket
Ticket
Ticket
Ticket
Ticket
Ticket
Ticket
Ticket
Ticket
Ticket
Ticket
Ticket
Ticket
Ticket
Ticket
Ticket
Ticket
Ticket
Ticket
Ticket
Ticket
Ticket
Ticket
Ticket
Ticket
Ticket
Ticket
Ticket
Ticket
Ticket
Ticket
Ticket
Ticket
Ticket
Ticket
Ticket
Ticket
Ticket
Ticket
Ticket
Ticket
Ticket
Ticket
Ticket
Ticket
Ticket
Ticket
Ticket
Ticket
Ticket
Ticket
Ticket
Ticket
Ticket
Ticket
Ticket
Ticket
Ticket
Ticket
Ticket
Ticket
Ticket
Ticket
Ticket
Ticket
Ticket
Ticket
Ticket
Ticket
Ticket
Ticket
Ticket
Ticket
Ticket
Ticket
Ticket
Ticket
Ticket
Ticket
Ticket
Ticket
Ticket
Ticket
Ticket
Ticket
Ticket
Ticket
Ticket
Ticket
Ticket
Ticket
Ticket
Ticket
Ticket
Ticket
Ticket
Ticket
Ticket
Ticket
Ticket
Ticket
Ticket
Ticket
Ticket
Ticket
Ticket
Ticket
Ticket
Ticket
Ticket
Ticket
Ticket
Ticket
Ticket
Ticket
Ticket
Ticket
Ticket
Ticket
Ticket
Ticket
Ticket
Ticket
Ticket
Ticket
Ticket
Ticket
Ticket
Ticket
Ticket
Ticket
Ticket
Ticket
Ticket
Ticket
Ticket
Ticket
Ticket
Ticket
Ticket
Ticket
Ticket
Ticket
Ticket
Ticket
Ticket
Ticket
Ticket
Ticket
Ticket
Ticket
Ticket
Ticket
Ticket
Ticket
Ticket
Ticket
Ticket
Ticket
Ticket
Ticket
Ticket
Ticket
Ticket
Ticket
Ticket
Ticket
Ticket
Ticket
Ticket
Ticket
Ticket
Ticket
Ticket
Ticket
Ticket
Ticket
Ticket
Ticket
Ticket
Ticket
Ticket
Ticket
Ticket
Ticket
Ticket
Ticket
Ticket
Ticket
Ticket
Ticket
Ticket
Ticket
Ticket
Ticket
Ticket
Ticket
Ticket
Ticket
Ticket
Ticket
Ticket
Ticket
Ticket
Ticket
Ticket
Ticket
Ticket
Ticket
Ticket
Ticket
Ticket
Ticket
Ticket
Ticket
Ticket
Ticket
Ticket
Ticket
Ticket
Ticket
Ticket
Ticket
Ticket
Ticket
Ticket
Ticket
Ticket
Ticket
Ticket
Ticket
Ticket
Ticket
Ticket
Ticket
Ticket
Ticket
Ticket
Ticket
Ticket
Ticket
Ticket
Ticket
Ticket
Ticket
Ticket
Ticket
Ticket
Ticket
Ticket
Ticket
Ticket
Ticket
Ticket
Ticket
Ticket
Ticket
Ticket
Ticket
Ticket
Ticket
Ticket
Ticket
Ticket
Ticket
Ticket
Ticket
Ticket
Ticket
Ticket
Ticket
Ticket
Ticket
Ticket
Ticket
Ticket
Ticket
Ticket
Ticket
Ticket
Ticket
Ticket
Ticket
Ticket
Ticket
Ticket
Ticket
Ticket
Ticket
Ticket
Ticket
Ticket
Ticket
Ticket
Ticket
Ticket
Ticket
Ticket
Ticket
Ticket
Ticket
Ticket
Ticket
Ticket
Ticket
Ticket
Ticket
Ticket
Ticket
Ticket
Ticket
Ticket
Ticket
Ticket
Ticket
Ticket
Ticket
Ticket
Ticket
Ticket
Ticket
Ticket
Ticket
Ticket
Ticket
Ticket
Ticket
Ticket
Ticket
Ticket
Ticket
Ticket
Ticket
Ticket
Ticket
Ticket
Ticket
Ticket
Ticket
Ticket
Ticket
Ticket
Ticket
Ticket
Ticket
Ticket
Ticket
Ticket
Ticket
Ticket
Ticket
Ticket
Ticket
Ticket
Ticket
Ticket
Ticket
Ticket
Ticket
Ticket
Ticket
Ticket
Ticket
Ticket
Ticket
Ticket
Ticket
Ticket
Ticket
Ticket
Ticket
Ticket
Ticket
Ticket
Ticket
Ticket
Ticket
Ticket
Ticket
Ticket
Ticket
Ticket
Ticket
Ticket
Ticket
Ticket
Ticket
Ticket
Ticket
Ticket
Ticket
Ticket
Ticket
Ticket
Ticket
Ticket
Ticket
Ticket
Ticket
Ticket
Ticket
Ticket
Ticket
Ticket
Ticket
Ticket
Ticket
Ticket
Ticket
Ticket
Ticket
Ticket
Ticket
Ticket
Ticket
Ticket
Ticket
Ticket
Ticket
Ticket
Ticket
Ticket
Ticket
Ticket
Ticket
Ticket
Ticket
Ticket
Ticket
Ticket
Ticket
Ticket
Ticket
Ticket
Ticket
Ticket
Ticket
Ticket
Ticket
Ticket
Ticket
Ticket
Ticket
Ticket
Ticket
Ticket
Ticket
Ticket
Ticket
Ticket
Ticket
Ticket
Ticket
Ticket
Ticket
Ticket
Ticket
Ticket
Ticket
Ticket
Ticket
Ticket
Ticket
Ticket
Ticket
Ticket
Ticket
Ticket
Ticket
Ticket
Ticket
Ticket
Ticket
Ticket
Ticket
Ticket
Ticket
Ticket
Ticket
Ticket
Ticket
Ticket
Ticket
Ticket
Ticket
Ticket
Ticket
Ticket
Ticket
Ticket
Ticket
Ticket
Ticket
Ticket
Ticket
Ticket
Ticket
Ticket
Ticket
Ticket
Ticket
Ticket
Ticket
Ticket
Ticket
Ticket
Ticket
Ticket
Ticket
Ticket
Ticket
Ticket
Ticket
Ticket
Ticket
Ticket
Ticket
Ticket
Ticket
Ticket
Ticket
Ticket
Ticket
Ticket
Ticket
Ticket
Ticket
Ticket
Ticket
Ticket
Ticket
Ticket
Ticket
Ticket
Ticket
Ticket
Ticket
Ticket
Ticket
Ticket
Ticket
Ticket
Ticket
Ticket
Ticket
Ticket
Ticket
Ticket
Ticket
Ticket
Ticket
Ticket
Ticket
Ticket
Ticket
Ticket
Ticket
Ticket
Ticket
Ticket
Ticket
Ticket
Ticket
Ticket
Ticket
Ticket
Ticket
Ticket
Ticket
Ticket
Ticket
Ticket
Ticket
Ticket
Ticket
Ticket
Ticket
Ticket
Ticket
Ticket
Ticket
Ticket
Ticket
Ticket
Ticket
Ticket
Ticket
Ticket
Ticket
Ticket
Ticket
Ticket
Ticket
Ticket
Ticket
Ticket
Ticket
Ticket
Ticket
Ticket
Ticket
Ticket
Ticket
Ticket
Ticket
Ticket
Ticket
Ticket
Ticket
Ticket
Ticket
Ticket
Ticket
Ticket
Ticket
Ticket
Ticket
Ticket
Ticket
Ticket
Ticket
Ticket
Ticket
Ticket
Ticket
Ticket
Ticket
Ticket
Ticket
Ticket
Ticket
Ticket
Ticket
Ticket
Ticket
Ticket
Ticket
Ticket
Ticket
Ticket
Ticket
Ticket
Ticket
Ticket
Ticket
Ticket
Ticket
Ticket
Ticket
Ticket
Ticket
Ticket
Ticket
Ticket
Ticket
Ticket
Ticket
Ticket
Ticket
Ticket
Ticket
Ticket
Ticket
Ticket
Ticket
Ticket
Ticket
Ticket
Ticket
Ticket
Ticket
Ticket
Ticket
Ticket
Ticket
Ticket
Ticket
Ticket
Ticket
Ticket
Ticket
Ticket
Ticket
Ticket
Ticket
Ticket
Ticket
Ticket
Ticket
Ticket
Ticket
Ticket
Ticket
Ticket
Ticket
Ticket
Ticket
Ticket
Ticket
Ticket
Ticket
Ticket
Ticket
Ticket
Ticket
Ticket
Ticket
Ticket
Ticket
Ticket
Ticket
Ticket
Ticket
Ticket
Ticket
Ticket
Ticket
Ticket
Ticket
Ticket
Ticket
Ticket
Ticket
Ticket
Ticket
Ticket
Ticket
Ticket
Ticket
Ticket
Ticket
Ticket
Ticket
Ticket
Ticket
Ticket
Ticket
Ticket
Ticket
Ticket
Ticket
Ticket
Ticket
Ticket
Ticket
Ticket
Ticket
Ticket
Ticket
Ticket
Ticket
Ticket
Ticket
Ticket
Ticket
Ticket
Ticket
Ticket
Ticket
Ticket
Ticket
Ticket
Ticket
Ticket
Ticket
Ticket
Ticket
Ticket
Ticket
Ticket
Ticket
Ticket
Ticket
Ticket
Ticket
Ticket
Ticket
Ticket
Ticket
Ticket
Ticket
Ticket
Ticket
Ticket
Ticket
Ticket
Ticket
Ticket
Ticket
Ticket
Ticket
Ticket
Ticket
Ticket
Ticket
Ticket
Ticket
Ticket
Ticket
Ticket
Ticket
Ticket
Ticket
Ticket
Ticket
Ticket
Ticket
Ticket
Ticket
Ticket
Ticket
Ticket
Ticket
Ticket
Ticket
Ticket
Ticket
Ticket
Ticket
Ticket
Ticket
Ticket
Ticket
Ticket
Ticket
Ticket
Ticket
Ticket
Ticket
Ticket
Ticket
Ticket
Ticket
Ticket
Ticket
Ticket
Ticket
Ticket
Ticket
Ticket
Ticket
Ticket
Ticket
Ticket
Ticket
Ticket
Ticket
Ticket
Ticket
Ticket
Ticket
Ticket
Ticket
Ticket
Ticket
Ticket
Ticket
Ticket
Ticket
Ticket
Ticket
Ticket
Ticket
Ticket
Ticket
Ticket
Ticket
Ticket
Ticket
Ticket
Ticket
Ticket
Ticket
Ticket
Ticket
Ticket
Ticket
Ticket
Ticket
Ticket
Ticket
Ticket
Ticket
No Ticket
No Ticket
