No Ticket
Ticket
Ticket
Ticket
Ticket
Ticket
Ticket
Ticket
Ticket
Ticket
Ticket
Ticket
Ticket
Ticket
Ticket
Ticket
Ticket
Ticket
Ticket
Ticket
Ticket
Ticket
Ticket
Ticket
Ticket
Ticket
Ticket
Ticket
Ticket
Ticket
Ticket
Ticket
Ticket
Ticket
Ticket
Ticket
Ticket
Ticket
Ticket
Ticket
Ticket
Ticket
Ticket
Ticket
Ticket
Ticket
Ticket
Ticket
Ticket
Ticket
Ticket
Ticket
Ticket
Ticket
Ticket
Ticket
Ticket
Ticket
Ticket
Ticket
Ticket
Ticket
Ticket
Ticket
Ticket
Ticket
Ticket
Ticket
Ticket
Ticket
Ticket
Ticket
Ticket
Ticket
Ticket
Ticket
Ticket
Ticket
Ticket
Ticket
Ticket
Ticket
Ticket
Ticket
Ticket
Ticket
Ticket
Ticket
Ticket
Ticket
Ticket
Ticket
Ticket
Ticket
Ticket
Ticket
Ticket
Ticket
Ticket
Ticket
Ticket
Ticket
Ticket
Ticket
Ticket
Ticket
Ticket
Ticket
Ticket
Ticket
Ticket
Ticket
Ticket
Ticket
Ticket
Ticket
Ticket
Ticket
Ticket
Ticket
Ticket
Ticket
Ticket
Ticket
Ticket
Ticket
Ticket
Ticket
Ticket
Ticket
Ticket
Ticket
Ticket
Ticket
Ticket
Ticket
Ticket
Ticket
Ticket
Ticket
Ticket
Ticket
Ticket
Ticket
Ticket
Ticket
Ticket
Ticket
Ticket
Ticket
Ticket
Ticket
Ticket
Ticket
Ticket
Ticket
Ticket
Ticket
Ticket
Ticket
Ticket
Ticket
Ticket
Ticket
Ticket
Ticket
Ticket
Ticket
Ticket
Ticket
Ticket
Ticket
Ticket
Ticket
Ticket
Ticket
Ticket
Ticket
Ticket
Ticket
Ticket
Ticket
Ticket
Ticket
Ticket
Ticket
Ticket
Ticket
Ticket
Ticket
Ticket
Ticket
Ticket
Ticket
Ticket
Ticket
Ticket
Ticket
Ticket
Ticket
Ticket
Ticket
Ticket
Ticket
Ticket
Ticket
Ticket
Ticket
Ticket
Ticket
Ticket
Ticket
Ticket
Ticket
Ticket
Ticket
Ticket
Ticket
Ticket
Ticket
Ticket
Ticket
Ticket
Ticket
Ticket
Ticket
Ticket
Ticket
Ticket
Ticket
Ticket
Ticket
Ticket
Ticket
Ticket
Ticket
Ticket
Ticket
Ticket
Ticket
Ticket
Ticket
Ticket
Ticket
Ticket
Ticket
Ticket
Ticket
Ticket
Ticket
Ticket
Ticket
Ticket
Ticket
Ticket
Ticket
Ticket
Ticket
Ticket
Ticket
Ticket
Ticket
Ticket
Ticket
Ticket
Ticket
Ticket
Ticket
Ticket
Ticket
Ticket
Ticket
Ticket
Ticket
Ticket
Ticket
Ticket
Ticket
Ticket
Ticket
Ticket
Ticket
Ticket
Ticket
Ticket
Ticket
Ticket
Ticket
Ticket
Ticket
Ticket
Ticket
Ticket
Ticket
Ticket
Ticket
Ticket
Ticket
Ticket
Ticket
Ticket
Ticket
Ticket
Ticket
Ticket
Ticket
Ticket
Ticket
Ticket
Ticket
Ticket
Ticket
Ticket
Ticket
Ticket
Ticket
Ticket
Ticket
Ticket
Ticket
Ticket
Ticket
Ticket
Ticket
Ticket
Ticket
Ticket
Ticket
Ticket
Ticket
Ticket
Ticket
Ticket
Ticket
Ticket
Ticket
Ticket
Ticket
Ticket
Ticket
Ticket
Ticket
Ticket
Ticket
Ticket
Ticket
Ticket
Ticket
Ticket
Ticket
Ticket
Ticket
Ticket
Ticket
Ticket
Ticket
Ticket
Ticket
Ticket
Ticket
Ticket
Ticket
Ticket
Ticket
Ticket
Ticket
Ticket
Ticket
Ticket
Ticket
Ticket
Ticket
Ticket
Ticket
Ticket
Ticket
Ticket
Ticket
Ticket
Ticket
Ticket
Ticket
Ticket
Ticket
Ticket
Ticket
Ticket
Ticket
Ticket
Ticket
Ticket
Ticket
Ticket
Ticket
Ticket
Ticket
Ticket
Ticket
Ticket
Ticket
Ticket
Ticket
Ticket
Ticket
Ticket
Ticket
Ticket
Ticket
Ticket
Ticket
Ticket
Ticket
Ticket
Ticket
Ticket
Ticket
Ticket
Ticket
Ticket
Ticket
Ticket
Ticket
Ticket
Ticket
Ticket
Ticket
Ticket
Ticket
Ticket
Ticket
Ticket
Ticket
Ticket
Ticket
Ticket
Ticket
Ticket
Ticket
Ticket
Ticket
Ticket
Ticket
Ticket
Ticket
Ticket
Ticket
Ticket
Ticket
Ticket
Ticket
Ticket
Ticket
Ticket
Ticket
Ticket
Ticket
Ticket
Ticket
Ticket
Ticket
Ticket
Ticket
Ticket
Ticket
Ticket
Ticket
Ticket
Ticket
Ticket
Ticket
Ticket
Ticket
Ticket
Ticket
Ticket
Ticket
Ticket
Ticket
Ticket
Ticket
Ticket
Ticket
Ticket
Ticket
Ticket
Ticket
Ticket
Ticket
Ticket
Ticket
Ticket
Ticket
Ticket
Ticket
Ticket
Ticket
Ticket
Ticket
Ticket
Ticket
Ticket
Ticket
Ticket
Ticket
Ticket
Ticket
Ticket
Ticket
Ticket
Ticket
Ticket
Ticket
Ticket
Ticket
Ticket
Ticket
Ticket
Ticket
Ticket
Ticket
Ticket
Ticket
Ticket
Ticket
Ticket
Ticket
Ticket
Ticket
Ticket
Ticket
Ticket
Ticket
Ticket
Ticket
Ticket
Ticket
Ticket
Ticket
Ticket
Ticket
Ticket
Ticket
Ticket
Ticket
Ticket
Ticket
Ticket
Ticket
Ticket
Ticket
Ticket
Ticket
Ticket
Ticket
Ticket
Ticket
Ticket
Ticket
Ticket
Ticket
Ticket
Ticket
Ticket
Ticket
Ticket
Ticket
Ticket
Ticket
Ticket
Ticket
Ticket
Ticket
Ticket
Ticket
Ticket
Ticket
Ticket
Ticket
Ticket
Ticket
Ticket
Ticket
Ticket
Ticket
Ticket
Ticket
Ticket
Ticket
Ticket
Ticket
Ticket
Ticket
Ticket
Ticket
Ticket
Ticket
Ticket
Ticket
Ticket
Ticket
Ticket
Ticket
Ticket
Ticket
Ticket
Ticket
Ticket
Ticket
Ticket
Ticket
Ticket
Ticket
Ticket
Ticket
Ticket
Ticket
Ticket
Ticket
Ticket
Ticket
Ticket
Ticket
Ticket
Ticket
Ticket
Ticket
Ticket
Ticket
Ticket
Ticket
Ticket
Ticket
Ticket
Ticket
Ticket
Ticket
Ticket
Ticket
Ticket
Ticket
Ticket
Ticket
Ticket
Ticket
Ticket
Ticket
Ticket
Ticket
Ticket
Ticket
Ticket
Ticket
Ticket
Ticket
Ticket
Ticket
Ticket
Ticket
Ticket
Ticket
Ticket
Ticket
Ticket
Ticket
Ticket
Ticket
Ticket
Ticket
Ticket
Ticket
Ticket
Ticket
Ticket
Ticket
Ticket
Ticket
Ticket
Ticket
Ticket
Ticket
Ticket
Ticket
Ticket
Ticket
Ticket
Ticket
Ticket
Ticket
Ticket
Ticket
Ticket
Ticket
Ticket
Ticket
Ticket
Ticket
Ticket
Ticket
Ticket
Ticket
Ticket
Ticket
Ticket
Ticket
Ticket
Ticket
Ticket
Ticket
Ticket
Ticket
Ticket
Ticket
Ticket
Ticket
Ticket
Ticket
Ticket
Ticket
Ticket
Ticket
Ticket
Ticket
Ticket
Ticket
Ticket
Ticket
Ticket
Ticket
Ticket
Ticket
Ticket
Ticket
Ticket
Ticket
Ticket
Ticket
Ticket
Ticket
Ticket
Ticket
Ticket
Ticket
Ticket
Ticket
Ticket
Ticket
Ticket
Ticket
Ticket
Ticket
Ticket
Ticket
Ticket
Ticket
Ticket
Ticket
Ticket
Ticket
Ticket
Ticket
Ticket
Ticket
Ticket
Ticket
Ticket
Ticket
Ticket
Ticket
Ticket
Ticket
Ticket
Ticket
Ticket
Ticket
Ticket
Ticket
Ticket
Ticket
Ticket
Ticket
Ticket
Ticket
Ticket
Ticket
Ticket
Ticket
Ticket
Ticket
Ticket
Ticket
Ticket
Ticket
Ticket
Ticket
Ticket
Ticket
Ticket
Ticket
Ticket
Ticket
Ticket
Ticket
Ticket
Ticket
Ticket
Ticket
Ticket
Ticket
Ticket
Ticket
Ticket
Ticket
Ticket
Ticket
Ticket
Ticket
Ticket
Ticket
Ticket
Ticket
Ticket
Ticket
Ticket
Ticket
Ticket
Ticket
Ticket
Ticket
Ticket
Ticket
Ticket
Ticket
Ticket
Ticket
Ticket
Ticket
Ticket
Ticket
Ticket
Ticket
Ticket
Ticket
Ticket
Ticket
Ticket
Ticket
Ticket
Ticket
Ticket
Ticket
Ticket
Ticket
Ticket
Ticket
Ticket
Ticket
Ticket
Ticket
Ticket
Ticket
Ticket
Ticket
Ticket
Ticket
Ticket
Ticket
Ticket
Ticket
Ticket
Ticket
Ticket
Ticket
Ticket
Ticket
Ticket
Ticket
Ticket
Ticket
Ticket
Ticket
Ticket
Ticket
Ticket
Ticket
Ticket
Ticket
Ticket
Ticket
Ticket
Ticket
Ticket
Ticket
Ticket
Ticket
Ticket
Ticket
Ticket
Ticket
Ticket
Ticket
Ticket
Ticket
Ticket
Ticket
Ticket
Ticket
Ticket
Ticket
Ticket
Ticket
Ticket
Ticket
Ticket
Ticket
Ticket
Ticket
Ticket
Ticket
Ticket
Ticket
Ticket
Ticket
Ticket
Ticket
Ticket
Ticket
Ticket
Ticket
Ticket
Ticket
Ticket
Ticket
Ticket
Ticket
Ticket
Ticket
Ticket
Ticket
Ticket
Ticket
Ticket
Ticket
Ticket
Ticket
Ticket
Ticket
Ticket
Ticket
Ticket
Ticket
Ticket
Ticket
Ticket
Ticket
Ticket
Ticket
Ticket
Ticket
Ticket
Ticket
Ticket
Ticket
Ticket
Ticket
Ticket
Ticket
Ticket
Ticket
Ticket
Ticket
Ticket
Ticket
Ticket
Ticket
Ticket
Ticket
Ticket
Ticket
Ticket
Ticket
Ticket
Ticket
Ticket
Ticket
Ticket
Ticket
Ticket
Ticket
Ticket
Ticket
Ticket
Ticket
Ticket
Ticket
Ticket
Ticket
Ticket
Ticket
Ticket
Ticket
