No Ticket
No Ticket
No Ticket
No Ticket
No Ticket
No Ticket
No Ticket
No Ticket
No Ticket
No Ticket
No Ticket
No Ticket
No Ticket
No Ticket
No Ticket
No Ticket
No Ticket
No Ticket
No Ticket
No Ticket
No Ticket
No Ticket
No Ticket
No Ticket
No Ticket
No Ticket
No Ticket
No Ticket
No Ticket
No Ticket
No Ticket
No Ticket
No Ticket
No Ticket
No Ticket
No Ticket
No Ticket
No Ticket
No Ticket
No Ticket
No Ticket
No Ticket
No Ticket
No Ticket
No Ticket
No Ticket
No Ticket
No Ticket
No Ticket
No Ticket
No Ticket
No Ticket
No Ticket
No Ticket
No Ticket
No Ticket
No Ticket
No Ticket
No Ticket
No Ticket
No Ticket
No Ticket
No Ticket
No Ticket
No Ticket
No Ticket
No Ticket
No Ticket
No Ticket
No Ticket
No Ticket
No Ticket
No Ticket
No Ticket
No Ticket
No Ticket
No Ticket
No Ticket
No Ticket
No Ticket
No Ticket
No Ticket
No Ticket
No Ticket
No Ticket
No Ticket
No Ticket
No Ticket
No Ticket
No Ticket
No Ticket
No Ticket
No Ticket
No Ticket
No Ticket
No Ticket
No Ticket
No Ticket
No Ticket
No Ticket
No Ticket
No Ticket
No Ticket
No Ticket
No Ticket
No Ticket
No Ticket
No Ticket
No Ticket
No Ticket
No Ticket
No Ticket
No Ticket
No Ticket
No Ticket
No Ticket
No Ticket
No Ticket
No Ticket
No Ticket
No Ticket
No Ticket
No Ticket
No Ticket
No Ticket
No Ticket
No Ticket
No Ticket
No Ticket
No Ticket
No Ticket
No Ticket
No Ticket
No Ticket
No Ticket
No Ticket
No Ticket
No Ticket
No Ticket
No Ticket
No Ticket
No Ticket
No Ticket
No Ticket
No Ticket
No Ticket
No Ticket
No Ticket
No Ticket
No Ticket
No Ticket
No Ticket
No Ticket
No Ticket
No Ticket
No Ticket
No Ticket
No Ticket
No Ticket
No Ticket
No Ticket
No Ticket
No Ticket
No Ticket
No Ticket
No Ticket
No Ticket
No Ticket
No Ticket
No Ticket
No Ticket
No Ticket
No Ticket
No Ticket
No Ticket
No Ticket
No Ticket
No Ticket
No Ticket
No Ticket
No Ticket
No Ticket
No Ticket
No Ticket
No Ticket
No Ticket
No Ticket
No Ticket
No Ticket
No Ticket
No Ticket
No Ticket
No Ticket
No Ticket
No Ticket
No Ticket
No Ticket
No Ticket
No Ticket
No Ticket
No Ticket
No Ticket
No Ticket
No Ticket
No Ticket
No Ticket
No Ticket
No Ticket
No Ticket
No Ticket
No Ticket
No Ticket
No Ticket
No Ticket
No Ticket
No Ticket
No Ticket
No Ticket
No Ticket
No Ticket
No Ticket
No Ticket
No Ticket
No Ticket
No Ticket
No Ticket
No Ticket
No Ticket
No Ticket
No Ticket
No Ticket
No Ticket
No Ticket
No Ticket
No Ticket
No Ticket
No Ticket
No Ticket
No Ticket
No Ticket
No Ticket
No Ticket
No Ticket
No Ticket
No Ticket
No Ticket
No Ticket
No Ticket
No Ticket
No Ticket
Ticket
Ticket
Ticket
Ticket
Ticket
Ticket
Ticket
Ticket
Ticket
Ticket
Ticket
Ticket
Ticket
Ticket
Ticket
Ticket
Ticket
Ticket
Ticket
Ticket
Ticket
Ticket
Ticket
Ticket
Ticket
Ticket
Ticket
Ticket
Ticket
Ticket
Ticket
Ticket
Ticket
Ticket
Ticket
Ticket
Ticket
Ticket
Ticket
Ticket
Ticket
Ticket
Ticket
Ticket
Ticket
Ticket
Ticket
Ticket
Ticket
Ticket
Ticket
Ticket
Ticket
Ticket
Ticket
Ticket
Ticket
Ticket
Ticket
Ticket
Ticket
Ticket
Ticket
Ticket
Ticket
Ticket
Ticket
Ticket
Ticket
Ticket
Ticket
Ticket
Ticket
Ticket
Ticket
Ticket
Ticket
Ticket
Ticket
Ticket
Ticket
Ticket
Ticket
Ticket
Ticket
Ticket
Ticket
Ticket
Ticket
Ticket
Ticket
Ticket
Ticket
Ticket
Ticket
Ticket
Ticket
Ticket
Ticket
Ticket
Ticket
Ticket
Ticket
Ticket
Ticket
Ticket
Ticket
Ticket
Ticket
Ticket
Ticket
Ticket
Ticket
Ticket
Ticket
Ticket
Ticket
Ticket
Ticket
Ticket
Ticket
Ticket
Ticket
Ticket
Ticket
Ticket
Ticket
Ticket
Ticket
Ticket
Ticket
Ticket
Ticket
Ticket
Ticket
Ticket
Ticket
Ticket
Ticket
Ticket
Ticket
Ticket
Ticket
Ticket
Ticket
Ticket
Ticket
Ticket
Ticket
Ticket
Ticket
Ticket
Ticket
Ticket
Ticket
Ticket
Ticket
Ticket
Ticket
Ticket
Ticket
Ticket
Ticket
Ticket
Ticket
Ticket
Ticket
Ticket
Ticket
Ticket
Ticket
Ticket
Ticket
Ticket
Ticket
Ticket
Ticket
Ticket
Ticket
Ticket
Ticket
Ticket
Ticket
Ticket
Ticket
Ticket
Ticket
Ticket
Ticket
Ticket
Ticket
Ticket
Ticket
Ticket
Ticket
Ticket
Ticket
Ticket
Ticket
Ticket
Ticket
Ticket
Ticket
Ticket
Ticket
Ticket
Ticket
Ticket
Ticket
Ticket
Ticket
Ticket
Ticket
Ticket
Ticket
Ticket
Ticket
Ticket
Ticket
Ticket
Ticket
Ticket
Ticket
Ticket
Ticket
Ticket
Ticket
Ticket
Ticket
Ticket
Ticket
Ticket
Ticket
Ticket
Ticket
Ticket
Ticket
Ticket
Ticket
Ticket
Ticket
Ticket
Ticket
Ticket
Ticket
Ticket
Ticket
Ticket
Ticket
Ticket
Ticket
Ticket
Ticket
Ticket
Ticket
Ticket
Ticket
Ticket
Ticket
Ticket
Ticket
Ticket
Ticket
Ticket
Ticket
Ticket
Ticket
Ticket
Ticket
Ticket
Ticket
Ticket
Ticket
Ticket
Ticket
Ticket
Ticket
Ticket
Ticket
Ticket
Ticket
Ticket
Ticket
Ticket
Ticket
Ticket
Ticket
Ticket
Ticket
Ticket
Ticket
Ticket
Ticket
Ticket
Ticket
Ticket
Ticket
Ticket
Ticket
Ticket
Ticket
Ticket
Ticket
Ticket
Ticket
Ticket
Ticket
Ticket
Ticket
Ticket
Ticket
Ticket
Ticket
Ticket
Ticket
Ticket
Ticket
Ticket
Ticket
Ticket
Ticket
Ticket
Ticket
Ticket
Ticket
Ticket
Ticket
Ticket
Ticket
Ticket
Ticket
Ticket
Ticket
Ticket
Ticket
Ticket
Ticket
Ticket
Ticket
Ticket
Ticket
Ticket
Ticket
Ticket
Ticket
Ticket
Ticket
Ticket
Ticket
Ticket
Ticket
Ticket
Ticket
Ticket
Ticket
Ticket
Ticket
Ticket
Ticket
Ticket
Ticket
Ticket
Ticket
Ticket
Ticket
Ticket
Ticket
Ticket
Ticket
Ticket
Ticket
Ticket
Ticket
Ticket
Ticket
Ticket
Ticket
Ticket
Ticket
Ticket
Ticket
Ticket
Ticket
Ticket
Ticket
Ticket
Ticket
Ticket
Ticket
Ticket
Ticket
Ticket
Ticket
Ticket
Ticket
Ticket
Ticket
Ticket
Ticket
Ticket
Ticket
Ticket
Ticket
Ticket
Ticket
Ticket
Ticket
Ticket
Ticket
Ticket
Ticket
Ticket
Ticket
Ticket
Ticket
Ticket
Ticket
Ticket
Ticket
Ticket
Ticket
Ticket
Ticket
Ticket
Ticket
Ticket
Ticket
Ticket
Ticket
Ticket
Ticket
Ticket
Ticket
Ticket
Ticket
Ticket
Ticket
Ticket
Ticket
Ticket
Ticket
Ticket
Ticket
Ticket
Ticket
Ticket
Ticket
Ticket
Ticket
Ticket
Ticket
Ticket
Ticket
Ticket
Ticket
Ticket
Ticket
Ticket
Ticket
Ticket
Ticket
Ticket
Ticket
Ticket
Ticket
Ticket
Ticket
Ticket
Ticket
Ticket
Ticket
Ticket
Ticket
Ticket
Ticket
Ticket
Ticket
Ticket
Ticket
Ticket
Ticket
Ticket
Ticket
Ticket
Ticket
Ticket
Ticket
Ticket
Ticket
Ticket
Ticket
Ticket
Ticket
Ticket
Ticket
Ticket
Ticket
Ticket
Ticket
Ticket
Ticket
Ticket
Ticket
Ticket
Ticket
Ticket
Ticket
Ticket
Ticket
Ticket
Ticket
Ticket
Ticket
Ticket
Ticket
Ticket
Ticket
Ticket
Ticket
Ticket
Ticket
Ticket
Ticket
Ticket
Ticket
Ticket
Ticket
Ticket
Ticket
Ticket
Ticket
Ticket
Ticket
Ticket
Ticket
Ticket
Ticket
Ticket
Ticket
Ticket
Ticket
Ticket
Ticket
Ticket
Ticket
Ticket
Ticket
Ticket
Ticket
Ticket
Ticket
Ticket
Ticket
Ticket
Ticket
Ticket
Ticket
Ticket
Ticket
Ticket
Ticket
Ticket
Ticket
Ticket
Ticket
Ticket
Ticket
Ticket
Ticket
Ticket
Ticket
Ticket
Ticket
Ticket
Ticket
Ticket
Ticket
Ticket
Ticket
Ticket
Ticket
Ticket
Ticket
Ticket
Ticket
Ticket
Ticket
Ticket
Ticket
Ticket
Ticket
Ticket
Ticket
Ticket
Ticket
Ticket
Ticket
Ticket
Ticket
Ticket
Ticket
Ticket
Ticket
Ticket
Ticket
Ticket
Ticket
Ticket
Ticket
Ticket
Ticket
Ticket
Ticket
Ticket
Ticket
Ticket
Ticket
Ticket
Ticket
Ticket
Ticket
Ticket
Ticket
Ticket
Ticket
Ticket
Ticket
Ticket
Ticket
Ticket
Ticket
Ticket
Ticket
Ticket
Ticket
Ticket
Ticket
Ticket
Ticket
Ticket
Ticket
Ticket
Ticket
Ticket
Ticket
Ticket
Ticket
Ticket
Ticket
Ticket
Ticket
Ticket
Ticket
Ticket
Ticket
Ticket
Ticket
Ticket
Ticket
Ticket
Ticket
Ticket
Ticket
Ticket
Ticket
Ticket
Ticket
Ticket
Ticket
Ticket
Ticket
Ticket
Ticket
Ticket
Ticket
Ticket
Ticket
Ticket
Ticket
Ticket
Ticket
Ticket
Ticket
Ticket
Ticket
Ticket
Ticket
Ticket
Ticket
Ticket
Ticket
Ticket
Ticket
Ticket
Ticket
Ticket
Ticket
Ticket
Ticket
Ticket
Ticket
Ticket
Ticket
Ticket
Ticket
Ticket
Ticket
Ticket
Ticket
Ticket
Ticket
Ticket
Ticket
Ticket
Ticket
Ticket
Ticket
Ticket
Ticket
Ticket
Ticket
Ticket
Ticket
Ticket
Ticket
Ticket
Ticket
Ticket
Ticket
Ticket
Ticket
Ticket
Ticket
Ticket
Ticket
Ticket
Ticket
Ticket
Ticket
Ticket
Ticket
Ticket
Ticket
Ticket
Ticket
Ticket
Ticket
Ticket
Ticket
Ticket
